2026-08-31T12:22:23+00:00 INFO    [event=application.started] IPTV-API 版本: 3.0.0 (构建时间: 2026-08-07 11:45:59)
2026-08-31T12:22:23+00:00 INFO    [phase=prepare event=network.ipv6.checking] 🛜 正在检查当前网络是否支持IPv6...
2026-08-31T12:22:24+00:00 WARNING [phase=prepare event=network.ipv6.unsupported] 当前网络不支持IPv6，别担心，IPv6的结果会被保存下来
2026-08-31T12:22:24+00:00 INFO    [run=b036a46748fc4f1eadf8443b3788474d phase=prepare event=run.started] 性能模式: auto → balance，可用资源: 4.0 CPU / 15.61 GB，并发: 测速 8、媒体探测 2、源抓取 8
2026-08-31T12:22:24+00:00 INFO    [run=b036a46748fc4f1eadf8443b3788474d phase=prepare event=channels.catalog_loaded] 频道目录已加载：白名单 0，黑名单 2，台标 21
2026-08-31T12:22:24+00:00 INFO    [run=b036a46748fc4f1eadf8443b3788474d phase=fetch event=sources.subscribe.summary] 订阅源数量：15，订阅白名单数量：0，停用地址数量：0，有效总数量：15
2026-08-31T12:22:24+00:00 INFO    [run=b036a46748fc4f1eadf8443b3788474d phase=fetch event=progress.started] 正在进行获取订阅源  0/15
2026-08-31T12:22:24+00:00 INFO    [run=b036a46748fc4f1eadf8443b3788474d phase=fetch event=sources.epg.summary] EPG源数量：1，EPG白名单数量：0，停用地址数量：0，有效总数量：1
2026-08-31T12:22:24+00:00 INFO    [run=b036a46748fc4f1eadf8443b3788474d phase=fetch event=progress.started] 正在进行获取EPG源  0/1
2026-08-31T12:22:25+00:00 INFO    [run=b036a46748fc4f1eadf8443b3788474d phase=fetch event=progress.updated] 正在进行获取订阅源  1/15 (6%)  剩余 14
2026-08-31T12:22:25+00:00 INFO    [run=b036a46748fc4f1eadf8443b3788474d phase=fetch event=epg.source_parsed] EPG 源解析完成：http://e.erw.cc/e.xml.gz，保留节目 4994 条
2026-08-31T12:22:25+00:00 INFO    [run=b036a46748fc4f1eadf8443b3788474d phase=fetch event=progress.updated] 正在进行获取EPG源  1/1 (100%)  剩余 0
2026-08-31T12:22:25+00:00 INFO    [run=b036a46748fc4f1eadf8443b3788474d phase=fetch event=sources.epg.finished] EPG源: ✅ 有效地址数量：1，⛔ 停用地址数量：0
2026-08-31T12:22:25+00:00 INFO    [run=b036a46748fc4f1eadf8443b3788474d phase=fetch event=progress.finished] 正在进行获取EPG源  1/1  匹配 124 个频道
2026-08-31T12:22:25+00:00 INFO    [run=b036a46748fc4f1eadf8443b3788474d phase=fetch event=progress.updated] 正在进行获取订阅源  3/15 (20%)  剩余 12
2026-08-31T12:22:25+00:00 INFO    [run=b036a46748fc4f1eadf8443b3788474d phase=fetch event=progress.updated] 正在进行获取订阅源  5/15 (33%)  剩余 10
2026-08-31T12:22:25+00:00 INFO    [run=b036a46748fc4f1eadf8443b3788474d phase=fetch event=progress.updated] 正在进行获取订阅源  7/15 (46%)  剩余 8
2026-08-31T12:22:26+00:00 INFO    [run=b036a46748fc4f1eadf8443b3788474d phase=fetch event=progress.updated] 正在进行获取订阅源  9/15 (60%)  剩余 6
2026-08-31T12:22:26+00:00 INFO    [run=b036a46748fc4f1eadf8443b3788474d phase=fetch event=progress.updated] 正在进行获取订阅源  11/15 (73%)  剩余 4
2026-08-31T12:22:26+00:00 INFO    [run=b036a46748fc4f1eadf8443b3788474d phase=fetch event=progress.updated] 正在进行获取订阅源  13/15 (86%)  剩余 2
2026-08-31T12:22:35+00:00 WARNING [run=b036a46748fc4f1eadf8443b3788474d phase=fetch event=request.retrying] 🔄 请求https://live.445569.xyz/live.m3u失败，正在进行第1次重试...
2026-08-31T12:22:46+00:00 INFO    [run=b036a46748fc4f1eadf8443b3788474d phase=fetch event=progress.updated] 正在进行获取订阅源  15/15 (100%)  剩余 0
2026-08-31T12:22:46+00:00 INFO    [run=b036a46748fc4f1eadf8443b3788474d phase=fetch event=sources.subscribe.finished] 订阅源: ✅ 有效地址数量：15，⛔ 停用地址数量：0
2026-08-31T12:22:46+00:00 INFO    [run=b036a46748fc4f1eadf8443b3788474d phase=fetch event=progress.finished] 正在进行获取订阅源  15/15  未匹配 4813
2026-08-31T12:23:53+00:00 INFO    [run=b036a46748fc4f1eadf8443b3788474d phase=aggregate event=channels.aggregated] 频道数据聚合完成：170 个频道，2170 个接口（IPv4 2170 / IPv6 0）
2026-08-31T12:23:53+00:00 INFO    [run=b036a46748fc4f1eadf8443b3788474d phase=speed_test event=speed_test.planned] 总接口数量: 2034, 需要进行测速的接口数量: 2034
2026-08-31T12:23:53+00:00 INFO    [run=b036a46748fc4f1eadf8443b3788474d phase=speed_test event=progress.started] 测速  0/2034
2026-08-31T12:23:56+00:00 INFO    [run=b036a46748fc4f1eadf8443b3788474d phase=speed_test event=progress.updated] 测速  1/2034 (0%)  有效 0  失败 1  CCTV-1
2026-08-31T12:24:26+00:00 INFO    [run=b036a46748fc4f1eadf8443b3788474d phase=speed_test event=progress.updated] 测速  52/2034 (2%)  有效 8  失败 44  CCTV-2
2026-08-31T12:24:56+00:00 INFO    [run=b036a46748fc4f1eadf8443b3788474d phase=speed_test event=progress.updated] 测速  98/2034 (4%)  有效 25  失败 73  CCTV-4
2026-08-31T12:25:27+00:00 INFO    [run=b036a46748fc4f1eadf8443b3788474d phase=speed_test event=progress.updated] 测速  162/2034 (7%)  有效 43  失败 119  CCTV-5+
2026-08-31T12:25:58+00:00 INFO    [run=b036a46748fc4f1eadf8443b3788474d phase=speed_test event=progress.updated] 测速  214/2034 (10%)  有效 56  失败 158  CCTV-7
2026-08-31T12:26:28+00:00 INFO    [run=b036a46748fc4f1eadf8443b3788474d phase=speed_test event=progress.updated] 测速  272/2034 (13%)  有效 78  失败 194  CCTV-9
2026-08-31T12:26:59+00:00 INFO    [run=b036a46748fc4f1eadf8443b3788474d phase=speed_test event=progress.updated] 测速  330/2034 (16%)  有效 94  失败 236  CCTV-10
2026-08-31T12:27:30+00:00 INFO    [run=b036a46748fc4f1eadf8443b3788474d phase=speed_test event=progress.updated] 测速  390/2034 (19%)  有效 113  失败 277  CCTV-12
2026-08-31T12:28:01+00:00 INFO    [run=b036a46748fc4f1eadf8443b3788474d phase=speed_test event=progress.updated] 测速  447/2034 (21%)  有效 129  失败 318  CCTV-14
2026-08-31T12:28:31+00:00 INFO    [run=b036a46748fc4f1eadf8443b3788474d phase=speed_test event=progress.updated] 测速  493/2034 (24%)  有效 145  失败 348  CCTV-16
2026-08-31T12:29:01+00:00 INFO    [run=b036a46748fc4f1eadf8443b3788474d phase=speed_test event=progress.updated] 测速  552/2034 (27%)  有效 162  失败 390  CETV-2
2026-08-31T12:29:31+00:00 INFO    [run=b036a46748fc4f1eadf8443b3788474d phase=speed_test event=progress.updated] 测速  607/2034 (29%)  有效 197  失败 410  CCTV高尔夫网球
2026-08-31T12:30:02+00:00 INFO    [run=b036a46748fc4f1eadf8443b3788474d phase=speed_test event=progress.updated] 测速  656/2034 (32%)  有效 223  失败 433  广东综艺4K
2026-08-31T12:30:33+00:00 INFO    [run=b036a46748fc4f1eadf8443b3788474d phase=speed_test event=progress.updated] 测速  703/2034 (34%)  有效 238  失败 465  东方卫视
2026-08-31T12:31:03+00:00 INFO    [run=b036a46748fc4f1eadf8443b3788474d phase=speed_test event=progress.updated] 测速  748/2034 (36%)  有效 252  失败 496  江苏卫视
2026-08-31T12:31:34+00:00 INFO    [run=b036a46748fc4f1eadf8443b3788474d phase=speed_test event=progress.updated] 测速  793/2034 (38%)  有效 268  失败 525  广东卫视
2026-08-31T12:32:05+00:00 INFO    [run=b036a46748fc4f1eadf8443b3788474d phase=speed_test event=progress.updated] 测速  840/2034 (41%)  有效 282  失败 558  安徽卫视
2026-08-31T12:32:37+00:00 INFO    [run=b036a46748fc4f1eadf8443b3788474d phase=speed_test event=progress.updated] 测速  891/2034 (43%)  有效 298  失败 593  重庆卫视
2026-08-31T12:33:07+00:00 INFO    [run=b036a46748fc4f1eadf8443b3788474d phase=speed_test event=progress.updated] 测速  940/2034 (46%)  有效 307  失败 633  广西卫视
2026-08-31T12:33:38+00:00 INFO    [run=b036a46748fc4f1eadf8443b3788474d phase=speed_test event=progress.updated] 测速  989/2034 (48%)  有效 323  失败 666  海南卫视
2026-08-31T12:34:09+00:00 INFO    [run=b036a46748fc4f1eadf8443b3788474d phase=speed_test event=progress.updated] 测速  1041/2034 (51%)  有效 333  失败 708  河南卫视
2026-08-31T12:34:39+00:00 INFO    [run=b036a46748fc4f1eadf8443b3788474d phase=speed_test event=progress.updated] 测速  1091/2034 (53%)  有效 349  失败 742  湖北卫视
2026-08-31T12:35:10+00:00 INFO    [run=b036a46748fc4f1eadf8443b3788474d phase=speed_test event=progress.updated] 测速  1143/2034 (56%)  有效 364  失败 779  吉林卫视
2026-08-31T12:35:41+00:00 INFO    [run=b036a46748fc4f1eadf8443b3788474d phase=speed_test event=progress.updated] 测速  1196/2034 (58%)  有效 381  失败 815  辽宁卫视
2026-08-31T12:36:11+00:00 INFO    [run=b036a46748fc4f1eadf8443b3788474d phase=speed_test event=progress.updated] 测速  1260/2034 (61%)  有效 399  失败 861  青海卫视
2026-08-31T12:36:42+00:00 INFO    [run=b036a46748fc4f1eadf8443b3788474d phase=speed_test event=progress.updated] 测速  1300/2034 (63%)  有效 413  失败 887  山东卫视
2026-08-31T12:37:13+00:00 INFO    [run=b036a46748fc4f1eadf8443b3788474d phase=speed_test event=progress.updated] 测速  1347/2034 (66%)  有效 427  失败 920  天津卫视
2026-08-31T12:37:43+00:00 INFO    [run=b036a46748fc4f1eadf8443b3788474d phase=speed_test event=progress.updated] 测速  1402/2034 (68%)  有效 441  失败 961  新疆卫视
2026-08-31T12:38:13+00:00 INFO    [run=b036a46748fc4f1eadf8443b3788474d phase=speed_test event=progress.updated] 测速  1449/2034 (71%)  有效 454  失败 995  三沙卫视
2026-08-31T12:38:43+00:00 INFO    [run=b036a46748fc4f1eadf8443b3788474d phase=speed_test event=progress.updated] 测速  1519/2034 (74%)  有效 476  失败 1043  凤凰资讯台
2026-08-31T12:39:14+00:00 INFO    [run=b036a46748fc4f1eadf8443b3788474d phase=speed_test event=progress.updated] 测速  1590/2034 (78%)  有效 504  失败 1086  台视
2026-08-31T12:39:44+00:00 INFO    [run=b036a46748fc4f1eadf8443b3788474d phase=speed_test event=progress.updated] 测速  1666/2034 (81%)  有效 540  失败 1126  大湾区卫视
2026-08-31T12:40:15+00:00 INFO    [run=b036a46748fc4f1eadf8443b3788474d phase=speed_test event=progress.updated] 测速  1716/2034 (84%)  有效 558  失败 1158  CHC动作电影
2026-08-31T12:40:45+00:00 INFO    [run=b036a46748fc4f1eadf8443b3788474d phase=speed_test event=progress.updated] 测速  1746/2034 (85%)  有效 562  失败 1184  NewTV金牌综艺
2026-08-31T12:41:15+00:00 INFO    [run=b036a46748fc4f1eadf8443b3788474d phase=speed_test event=progress.updated] 测速  1800/2034 (88%)  有效 575  失败 1225  哈哈炫动
2026-08-31T12:41:39+00:00 INFO    [run=b036a46748fc4f1eadf8443b3788474d phase=speed_test event=speed_test.artifacts_written] 测速明细已写入 output/log/speed_test.log，有效结果已写入 output/log/result.log
2026-08-31T12:41:39+00:00 INFO    [run=b036a46748fc4f1eadf8443b3788474d phase=speed_test event=progress.finished] 测速  2034/2034  有效 584  失败 1271
2026-08-31T12:41:39+00:00 INFO    [run=b036a46748fc4f1eadf8443b3788474d phase=output event=output.written] 结果文件生成完成：更新 3 个文件
2026-08-31T12:41:39+00:00 INFO    [run=b036a46748fc4f1eadf8443b3788474d phase=statistics event=statistics.finished] 频道统计完成：测试 1855，有效 584
2026-08-31T12:41:39+00:00 INFO    [run=b036a46748fc4f1eadf8443b3788474d phase=complete event=run.summary] 更新摘要
2026-08-31T12:41:39+00:00 INFO    [run=b036a46748fc4f1eadf8443b3788474d phase=complete event=run.finished] 更新完成！总耗时：19:15
2026-09-01T08:52:46+00:00 INFO    [event=application.started] IPTV-API 版本: 3.0.0 (构建时间: 2026-08-07 11:45:59)
2026-09-01T08:52:47+00:00 INFO    [phase=prepare event=network.ipv6.checking] 🛜 正在检查当前网络是否支持IPv6...
2026-09-01T08:52:47+00:00 WARNING [phase=prepare event=network.ipv6.unsupported] 当前网络不支持IPv6，别担心，IPv6的结果会被保存下来
2026-09-01T08:52:47+00:00 INFO    [run=a9ac3210c8ca46c9a68a9bc1c59c380c phase=prepare event=run.started] 性能模式: auto → balance，可用资源: 4.0 CPU / 15.61 GB，并发: 测速 8、媒体探测 2、源抓取 8
2026-09-01T08:52:47+00:00 INFO    [run=a9ac3210c8ca46c9a68a9bc1c59c380c phase=prepare event=channels.catalog_loaded] 频道目录已加载：白名单 0，黑名单 2，台标 21
2026-09-01T08:52:47+00:00 INFO    [run=a9ac3210c8ca46c9a68a9bc1c59c380c phase=fetch event=sources.subscribe.summary] 订阅源数量：15，订阅白名单数量：0，停用地址数量：0，有效总数量：15
2026-09-01T08:52:47+00:00 INFO    [run=a9ac3210c8ca46c9a68a9bc1c59c380c phase=fetch event=progress.started] 正在进行获取订阅源  0/15
2026-09-01T08:52:47+00:00 INFO    [run=a9ac3210c8ca46c9a68a9bc1c59c380c phase=fetch event=sources.epg.summary] EPG源数量：1，EPG白名单数量：0，停用地址数量：0，有效总数量：1
2026-09-01T08:52:47+00:00 INFO    [run=a9ac3210c8ca46c9a68a9bc1c59c380c phase=fetch event=progress.started] 正在进行获取EPG源  0/1
2026-09-01T08:52:48+00:00 INFO    [run=a9ac3210c8ca46c9a68a9bc1c59c380c phase=fetch event=epg.source_parsed] EPG 源解析完成：http://e.erw.cc/e.xml.gz，保留节目 4844 条
2026-09-01T08:52:48+00:00 INFO    [run=a9ac3210c8ca46c9a68a9bc1c59c380c phase=fetch event=progress.updated] 正在进行获取EPG源  1/1 (100%)  剩余 0
2026-09-01T08:52:48+00:00 INFO    [run=a9ac3210c8ca46c9a68a9bc1c59c380c phase=fetch event=sources.epg.finished] EPG源: ✅ 有效地址数量：1，⛔ 停用地址数量：0
2026-09-01T08:52:48+00:00 INFO    [run=a9ac3210c8ca46c9a68a9bc1c59c380c phase=fetch event=progress.finished] 正在进行获取EPG源  1/1  匹配 124 个频道
2026-09-01T08:52:48+00:00 INFO    [run=a9ac3210c8ca46c9a68a9bc1c59c380c phase=fetch event=progress.updated] 正在进行获取订阅源  1/15 (6%)  剩余 14
2026-09-01T08:52:48+00:00 INFO    [run=a9ac3210c8ca46c9a68a9bc1c59c380c phase=fetch event=progress.updated] 正在进行获取订阅源  3/15 (20%)  剩余 12
2026-09-01T08:52:48+00:00 INFO    [run=a9ac3210c8ca46c9a68a9bc1c59c380c phase=fetch event=progress.updated] 正在进行获取订阅源  5/15 (33%)  剩余 10
2026-09-01T08:52:48+00:00 INFO    [run=a9ac3210c8ca46c9a68a9bc1c59c380c phase=fetch event=progress.updated] 正在进行获取订阅源  7/15 (46%)  剩余 8
2026-09-01T08:52:49+00:00 INFO    [run=a9ac3210c8ca46c9a68a9bc1c59c380c phase=fetch event=progress.updated] 正在进行获取订阅源  9/15 (60%)  剩余 6
2026-09-01T08:52:49+00:00 INFO    [run=a9ac3210c8ca46c9a68a9bc1c59c380c phase=fetch event=progress.updated] 正在进行获取订阅源  11/15 (73%)  剩余 4
2026-09-01T08:52:49+00:00 INFO    [run=a9ac3210c8ca46c9a68a9bc1c59c380c phase=fetch event=progress.updated] 正在进行获取订阅源  13/15 (86%)  剩余 2
2026-09-01T08:52:58+00:00 WARNING [run=a9ac3210c8ca46c9a68a9bc1c59c380c phase=fetch event=request.retrying] 🔄 请求https://live.445569.xyz/live.m3u失败，正在进行第1次重试...
2026-09-01T08:53:10+00:00 WARNING [run=a9ac3210c8ca46c9a68a9bc1c59c380c phase=fetch event=source.request_failed] 订阅源请求失败：❌ 请求https://live.445569.xyz/live.m3u失败，已达到最大重试次数
2026-09-01T08:53:10+00:00 INFO    [run=a9ac3210c8ca46c9a68a9bc1c59c380c phase=fetch event=progress.updated] 正在进行获取订阅源  15/15 (100%)  剩余 0
2026-09-01T08:53:10+00:00 INFO    [run=a9ac3210c8ca46c9a68a9bc1c59c380c phase=fetch event=sources.subscribe.finished] 订阅源: ✅ 有效地址数量：15，⛔ 停用地址数量：0
2026-09-01T08:53:10+00:00 INFO    [run=a9ac3210c8ca46c9a68a9bc1c59c380c phase=fetch event=progress.finished] 正在进行获取订阅源  15/15  未匹配 3118
2026-09-01T08:54:17+00:00 INFO    [run=a9ac3210c8ca46c9a68a9bc1c59c380c phase=aggregate event=channels.aggregated] 频道数据聚合完成：170 个频道，1757 个接口（IPv4 1757 / IPv6 0）
2026-09-01T08:54:17+00:00 INFO    [run=a9ac3210c8ca46c9a68a9bc1c59c380c phase=speed_test event=speed_test.planned] 总接口数量: 1626, 需要进行测速的接口数量: 1626
2026-09-01T08:54:17+00:00 INFO    [run=a9ac3210c8ca46c9a68a9bc1c59c380c phase=speed_test event=progress.started] 测速  0/1626
2026-09-01T08:54:17+00:00 INFO    [run=a9ac3210c8ca46c9a68a9bc1c59c380c phase=speed_test event=progress.updated] 测速  1/1626 (0%)  有效 0  失败 1  CCTV-1
2026-09-01T08:54:47+00:00 INFO    [run=a9ac3210c8ca46c9a68a9bc1c59c380c phase=speed_test event=progress.updated] 测速  123/1626 (7%)  有效 79  失败 44  CCTV-11
2026-09-01T08:55:18+00:00 INFO    [run=a9ac3210c8ca46c9a68a9bc1c59c380c phase=speed_test event=progress.updated] 测速  243/1626 (14%)  有效 161  失败 82  CCTV第一剧场
2026-09-01T08:55:48+00:00 INFO    [run=a9ac3210c8ca46c9a68a9bc1c59c380c phase=speed_test event=progress.updated] 测速  314/1626 (19%)  有效 203  失败 111  湖南卫视
2026-09-01T08:56:18+00:00 INFO    [run=a9ac3210c8ca46c9a68a9bc1c59c380c phase=speed_test event=progress.updated] 测速  394/1626 (24%)  有效 262  失败 132  安徽卫视
2026-09-01T08:56:48+00:00 INFO    [run=a9ac3210c8ca46c9a68a9bc1c59c380c phase=speed_test event=progress.updated] 测速  468/1626 (28%)  有效 301  失败 167  海南卫视
2026-09-01T08:57:19+00:00 INFO    [run=a9ac3210c8ca46c9a68a9bc1c59c380c phase=speed_test event=progress.updated] 测速  558/1626 (34%)  有效 359  失败 199  内蒙古卫视
2026-09-01T08:57:49+00:00 INFO    [run=a9ac3210c8ca46c9a68a9bc1c59c380c phase=speed_test event=progress.updated] 测速  648/1626 (39%)  有效 411  失败 237  西藏卫视
2026-09-01T08:58:19+00:00 INFO    [run=a9ac3210c8ca46c9a68a9bc1c59c380c phase=speed_test event=progress.updated] 测速  720/1626 (44%)  有效 443  失败 277  兵团卫视
2026-09-01T08:58:50+00:00 INFO    [run=a9ac3210c8ca46c9a68a9bc1c59c380c phase=speed_test event=progress.updated] 测速  819/1626 (50%)  有效 485  失败 334  华视
2026-09-01T08:59:20+00:00 INFO    [run=a9ac3210c8ca46c9a68a9bc1c59c380c phase=speed_test event=progress.updated] 测速  896/1626 (55%)  有效 538  失败 358  CHC影迷电影
2026-09-01T08:59:50+00:00 INFO    [run=a9ac3210c8ca46c9a68a9bc1c59c380c phase=speed_test event=progress.updated] 测速  966/1626 (59%)  有效 560  失败 406  哈哈炫动
2026-09-01T08:59:58+00:00 INFO    [run=a9ac3210c8ca46c9a68a9bc1c59c380c phase=speed_test event=speed_test.artifacts_written] 测速明细已写入 output/log/speed_test.log，有效结果已写入 output/log/result.log
2026-09-01T08:59:58+00:00 INFO    [run=a9ac3210c8ca46c9a68a9bc1c59c380c phase=speed_test event=progress.finished] 测速  1626/1626  有效 567  失败 425
2026-09-01T08:59:59+00:00 INFO    [run=a9ac3210c8ca46c9a68a9bc1c59c380c phase=output event=output.written] 结果文件生成完成：更新 3 个文件
2026-09-01T08:59:59+00:00 INFO    [run=a9ac3210c8ca46c9a68a9bc1c59c380c phase=statistics event=statistics.finished] 频道统计完成：测试 992，有效 567
2026-09-01T08:59:59+00:00 INFO    [run=a9ac3210c8ca46c9a68a9bc1c59c380c phase=complete event=run.summary] 更新摘要
2026-09-01T08:59:59+00:00 INFO    [run=a9ac3210c8ca46c9a68a9bc1c59c380c phase=complete event=run.finished] 更新完成！总耗时：07:11
2026-09-03T08:11:07+00:00 INFO    [event=application.started] IPTV-API 版本: 3.0.0 (构建时间: 2026-08-07 11:45:59)
2026-09-03T08:11:07+00:00 INFO    [phase=prepare event=network.ipv6.checking] 🛜 正在检查当前网络是否支持IPv6...
2026-09-03T08:11:07+00:00 WARNING [phase=prepare event=network.ipv6.unsupported] 当前网络不支持IPv6，别担心，IPv6的结果会被保存下来
2026-09-03T08:11:07+00:00 INFO    [run=26520685590f497988c107a38e7906bc phase=prepare event=run.started] 性能模式: auto → balance，可用资源: 4.0 CPU / 15.61 GB，并发: 测速 8、媒体探测 2、源抓取 8
2026-09-03T08:11:07+00:00 INFO    [run=26520685590f497988c107a38e7906bc phase=prepare event=channels.catalog_loaded] 频道目录已加载：白名单 0，黑名单 2，台标 21
2026-09-03T08:11:07+00:00 INFO    [run=26520685590f497988c107a38e7906bc phase=fetch event=sources.subscribe.summary] 订阅源数量：15，订阅白名单数量：0，停用地址数量：0，有效总数量：15
2026-09-03T08:11:07+00:00 INFO    [run=26520685590f497988c107a38e7906bc phase=fetch event=progress.started] 正在进行获取订阅源  0/15
2026-09-03T08:11:07+00:00 INFO    [run=26520685590f497988c107a38e7906bc phase=fetch event=sources.epg.summary] EPG源数量：1，EPG白名单数量：0，停用地址数量：0，有效总数量：1
2026-09-03T08:11:07+00:00 INFO    [run=26520685590f497988c107a38e7906bc phase=fetch event=progress.started] 正在进行获取EPG源  0/1
2026-09-03T08:11:08+00:00 INFO    [run=26520685590f497988c107a38e7906bc phase=fetch event=epg.source_parsed] EPG 源解析完成：http://e.erw.cc/e.xml.gz，保留节目 4967 条
2026-09-03T08:11:08+00:00 INFO    [run=26520685590f497988c107a38e7906bc phase=fetch event=progress.updated] 正在进行获取EPG源  1/1 (100%)  剩余 0
2026-09-03T08:11:08+00:00 INFO    [run=26520685590f497988c107a38e7906bc phase=fetch event=sources.epg.finished] EPG源: ✅ 有效地址数量：1，⛔ 停用地址数量：0
2026-09-03T08:11:08+00:00 INFO    [run=26520685590f497988c107a38e7906bc phase=fetch event=progress.finished] 正在进行获取EPG源  1/1  匹配 124 个频道
2026-09-03T08:11:09+00:00 INFO    [run=26520685590f497988c107a38e7906bc phase=fetch event=progress.updated] 正在进行获取订阅源  1/15 (6%)  剩余 14
2026-09-03T08:11:09+00:00 INFO    [run=26520685590f497988c107a38e7906bc phase=fetch event=progress.updated] 正在进行获取订阅源  3/15 (20%)  剩余 12
2026-09-03T08:11:09+00:00 INFO    [run=26520685590f497988c107a38e7906bc phase=fetch event=progress.updated] 正在进行获取订阅源  5/15 (33%)  剩余 10
2026-09-03T08:11:09+00:00 INFO    [run=26520685590f497988c107a38e7906bc phase=fetch event=progress.updated] 正在进行获取订阅源  7/15 (46%)  剩余 8
2026-09-03T08:11:10+00:00 INFO    [run=26520685590f497988c107a38e7906bc phase=fetch event=progress.updated] 正在进行获取订阅源  9/15 (60%)  剩余 6
2026-09-03T08:11:10+00:00 INFO    [run=26520685590f497988c107a38e7906bc phase=fetch event=progress.updated] 正在进行获取订阅源  11/15 (73%)  剩余 4
2026-09-03T08:11:10+00:00 INFO    [run=26520685590f497988c107a38e7906bc phase=fetch event=progress.updated] 正在进行获取订阅源  13/15 (86%)  剩余 2
2026-09-03T08:11:19+00:00 WARNING [run=26520685590f497988c107a38e7906bc phase=fetch event=request.retrying] 🔄 请求https://live.445569.xyz/live.m3u失败，正在进行第1次重试...
2026-09-03T08:11:31+00:00 WARNING [run=26520685590f497988c107a38e7906bc phase=fetch event=source.request_failed] 订阅源请求失败：❌ 请求https://live.445569.xyz/live.m3u失败，已达到最大重试次数
2026-09-03T08:11:31+00:00 INFO    [run=26520685590f497988c107a38e7906bc phase=fetch event=progress.updated] 正在进行获取订阅源  15/15 (100%)  剩余 0
2026-09-03T08:11:31+00:00 INFO    [run=26520685590f497988c107a38e7906bc phase=fetch event=sources.subscribe.finished] 订阅源: ✅ 有效地址数量：15，⛔ 停用地址数量：0
2026-09-03T08:11:31+00:00 INFO    [run=26520685590f497988c107a38e7906bc phase=fetch event=progress.finished] 正在进行获取订阅源  15/15  未匹配 3058
2026-09-03T08:12:44+00:00 INFO    [run=26520685590f497988c107a38e7906bc phase=aggregate event=channels.aggregated] 频道数据聚合完成：170 个频道，1762 个接口（IPv4 1762 / IPv6 0）
2026-09-03T08:12:44+00:00 INFO    [run=26520685590f497988c107a38e7906bc phase=speed_test event=speed_test.planned] 总接口数量: 1633, 需要进行测速的接口数量: 1633
2026-09-03T08:12:44+00:00 INFO    [run=26520685590f497988c107a38e7906bc phase=speed_test event=progress.started] 测速  0/1633
2026-09-03T08:12:45+00:00 INFO    [run=26520685590f497988c107a38e7906bc phase=speed_test event=progress.updated] 测速  1/1633 (0%)  有效 0  失败 1  CCTV-1
2026-09-03T08:13:15+00:00 INFO    [run=26520685590f497988c107a38e7906bc phase=speed_test event=progress.updated] 测速  112/1633 (6%)  有效 54  失败 58  CCTV-8
2026-09-03T08:13:45+00:00 INFO    [run=26520685590f497988c107a38e7906bc phase=speed_test event=progress.updated] 测速  237/1633 (14%)  有效 127  失败 110  CETV-2
2026-09-03T08:14:16+00:00 INFO    [run=26520685590f497988c107a38e7906bc phase=speed_test event=progress.updated] 测速  328/1633 (20%)  有效 186  失败 142  湖南卫视
2026-09-03T08:14:46+00:00 INFO    [run=26520685590f497988c107a38e7906bc phase=speed_test event=progress.updated] 测速  411/1633 (25%)  有效 240  失败 171  重庆卫视
2026-09-03T08:15:16+00:00 INFO    [run=26520685590f497988c107a38e7906bc phase=speed_test event=progress.updated] 测速  489/1633 (29%)  有效 276  失败 213  河北卫视
2026-09-03T08:15:47+00:00 INFO    [run=26520685590f497988c107a38e7906bc phase=speed_test event=progress.updated] 测速  587/1633 (35%)  有效 332  失败 255  青海卫视
2026-09-03T08:16:18+00:00 INFO    [run=26520685590f497988c107a38e7906bc phase=speed_test event=progress.updated] 测速  689/1633 (42%)  有效 392  失败 297  兵团卫视
2026-09-03T08:16:48+00:00 INFO    [run=26520685590f497988c107a38e7906bc phase=speed_test event=progress.updated] 测速  767/1633 (46%)  有效 419  失败 348  TVB新闻台
2026-09-03T08:17:18+00:00 INFO    [run=26520685590f497988c107a38e7906bc phase=speed_test event=progress.updated] 测速  863/1633 (52%)  有效 468  失败 395  广州综合
2026-09-03T08:17:48+00:00 INFO    [run=26520685590f497988c107a38e7906bc phase=speed_test event=progress.updated] 测速  924/1633 (56%)  有效 493  失败 431  金鹰卡通
2026-09-03T08:18:10+00:00 INFO    [run=26520685590f497988c107a38e7906bc phase=speed_test event=speed_test.artifacts_written] 测速明细已写入 output/log/speed_test.log，有效结果已写入 output/log/result.log
2026-09-03T08:18:10+00:00 INFO    [run=26520685590f497988c107a38e7906bc phase=speed_test event=progress.finished] 测速  1633/1633  有效 517  失败 469
2026-09-03T08:18:10+00:00 INFO    [run=26520685590f497988c107a38e7906bc phase=output event=output.written] 结果文件生成完成：更新 3 个文件
2026-09-03T08:18:11+00:00 INFO    [run=26520685590f497988c107a38e7906bc phase=statistics event=statistics.finished] 频道统计完成：测试 986，有效 517
2026-09-03T08:18:11+00:00 INFO    [run=26520685590f497988c107a38e7906bc phase=complete event=run.summary] 更新摘要
2026-09-03T08:18:11+00:00 INFO    [run=26520685590f497988c107a38e7906bc phase=complete event=run.finished] 更新完成！总耗时：07:03
2026-09-03T08:31:13+00:00 INFO    [event=application.started] IPTV-API 版本: 3.0.0 (构建时间: 2026-08-07 11:45:59)
2026-09-03T08:31:13+00:00 INFO    [phase=prepare event=network.ipv6.checking] 🛜 正在检查当前网络是否支持IPv6...
2026-09-03T08:31:14+00:00 WARNING [phase=prepare event=network.ipv6.unsupported] 当前网络不支持IPv6，别担心，IPv6的结果会被保存下来
2026-09-03T08:31:14+00:00 INFO    [run=e3d24319927a4e74b11dacef586966c9 phase=prepare event=run.started] 性能模式: auto → balance，可用资源: 4.0 CPU / 15.61 GB，并发: 测速 8、媒体探测 2、源抓取 8
2026-09-03T08:31:14+00:00 INFO    [run=e3d24319927a4e74b11dacef586966c9 phase=prepare event=channels.catalog_loaded] 频道目录已加载：白名单 0，黑名单 3，台标 21
2026-09-03T08:31:14+00:00 INFO    [run=e3d24319927a4e74b11dacef586966c9 phase=fetch event=sources.subscribe.summary] 订阅源数量：15，订阅白名单数量：0，停用地址数量：0，有效总数量：15
2026-09-03T08:31:14+00:00 INFO    [run=e3d24319927a4e74b11dacef586966c9 phase=fetch event=progress.started] 正在进行获取订阅源  0/15
2026-09-03T08:31:14+00:00 INFO    [run=e3d24319927a4e74b11dacef586966c9 phase=fetch event=sources.epg.summary] EPG源数量：1，EPG白名单数量：0，停用地址数量：0，有效总数量：1
2026-09-03T08:31:14+00:00 INFO    [run=e3d24319927a4e74b11dacef586966c9 phase=fetch event=progress.started] 正在进行获取EPG源  0/1
2026-09-03T08:31:15+00:00 INFO    [run=e3d24319927a4e74b11dacef586966c9 phase=fetch event=progress.updated] 正在进行获取订阅源  1/15 (6%)  剩余 14
2026-09-03T08:31:15+00:00 INFO    [run=e3d24319927a4e74b11dacef586966c9 phase=fetch event=progress.updated] 正在进行获取订阅源  3/15 (20%)  剩余 12
2026-09-03T08:31:15+00:00 INFO    [run=e3d24319927a4e74b11dacef586966c9 phase=fetch event=epg.source_parsed] EPG 源解析完成：http://e.erw.cc/e.xml.gz，保留节目 4967 条
2026-09-03T08:31:15+00:00 INFO    [run=e3d24319927a4e74b11dacef586966c9 phase=fetch event=progress.updated] 正在进行获取EPG源  1/1 (100%)  剩余 0
2026-09-03T08:31:15+00:00 INFO    [run=e3d24319927a4e74b11dacef586966c9 phase=fetch event=progress.updated] 正在进行获取订阅源  5/15 (33%)  剩余 10
2026-09-03T08:31:15+00:00 INFO    [run=e3d24319927a4e74b11dacef586966c9 phase=fetch event=progress.updated] 正在进行获取订阅源  7/15 (46%)  剩余 8
2026-09-03T08:31:15+00:00 INFO    [run=e3d24319927a4e74b11dacef586966c9 phase=fetch event=sources.epg.finished] EPG源: ✅ 有效地址数量：1，⛔ 停用地址数量：0
2026-09-03T08:31:15+00:00 INFO    [run=e3d24319927a4e74b11dacef586966c9 phase=fetch event=progress.finished] 正在进行获取EPG源  1/1  匹配 124 个频道
2026-09-03T08:31:16+00:00 INFO    [run=e3d24319927a4e74b11dacef586966c9 phase=fetch event=progress.updated] 正在进行获取订阅源  9/15 (60%)  剩余 6
2026-09-03T08:31:16+00:00 INFO    [run=e3d24319927a4e74b11dacef586966c9 phase=fetch event=progress.updated] 正在进行获取订阅源  11/15 (73%)  剩余 4
2026-09-03T08:31:16+00:00 INFO    [run=e3d24319927a4e74b11dacef586966c9 phase=fetch event=progress.updated] 正在进行获取订阅源  13/15 (86%)  剩余 2
2026-09-03T08:31:25+00:00 WARNING [run=e3d24319927a4e74b11dacef586966c9 phase=fetch event=request.retrying] 🔄 请求https://live.445569.xyz/live.m3u失败，正在进行第1次重试...
2026-09-03T08:31:37+00:00 WARNING [run=e3d24319927a4e74b11dacef586966c9 phase=fetch event=source.request_failed] 订阅源请求失败：❌ 请求https://live.445569.xyz/live.m3u失败，已达到最大重试次数
2026-09-03T08:31:37+00:00 INFO    [run=e3d24319927a4e74b11dacef586966c9 phase=fetch event=progress.updated] 正在进行获取订阅源  15/15 (100%)  剩余 0
2026-09-03T08:31:37+00:00 INFO    [run=e3d24319927a4e74b11dacef586966c9 phase=fetch event=sources.subscribe.finished] 订阅源: ✅ 有效地址数量：15，⛔ 停用地址数量：0
2026-09-03T08:31:37+00:00 INFO    [run=e3d24319927a4e74b11dacef586966c9 phase=fetch event=progress.finished] 正在进行获取订阅源  15/15  未匹配 3058
2026-09-03T08:32:45+00:00 INFO    [run=e3d24319927a4e74b11dacef586966c9 phase=aggregate event=channels.aggregated] 频道数据聚合完成：170 个频道，1660 个接口（IPv4 1660 / IPv6 0）
2026-09-03T08:32:45+00:00 INFO    [run=e3d24319927a4e74b11dacef586966c9 phase=speed_test event=speed_test.planned] 总接口数量: 1536, 需要进行测速的接口数量: 1536
2026-09-03T08:32:45+00:00 INFO    [run=e3d24319927a4e74b11dacef586966c9 phase=speed_test event=progress.started] 测速  0/1536
2026-09-03T08:32:46+00:00 INFO    [run=e3d24319927a4e74b11dacef586966c9 phase=speed_test event=progress.updated] 测速  1/1536 (0%)  有效 0  失败 1  CCTV-1
2026-09-03T08:33:16+00:00 INFO    [run=e3d24319927a4e74b11dacef586966c9 phase=speed_test event=progress.updated] 测速  83/1536 (5%)  有效 27  失败 56  CCTV-5
2026-09-03T08:33:47+00:00 INFO    [run=e3d24319927a4e74b11dacef586966c9 phase=speed_test event=progress.updated] 测速  163/1536 (10%)  有效 54  失败 109  CCTV-8
2026-09-03T08:34:17+00:00 INFO    [run=e3d24319927a4e74b11dacef586966c9 phase=speed_test event=progress.updated] 测速  234/1536 (15%)  有效 71  失败 163  CCTV-11
2026-09-03T08:34:47+00:00 INFO    [run=e3d24319927a4e74b11dacef586966c9 phase=speed_test event=progress.updated] 测速  323/1536 (21%)  有效 104  失败 219  CCTV-16
2026-09-03T08:35:18+00:00 INFO    [run=e3d24319927a4e74b11dacef586966c9 phase=speed_test event=progress.updated] 测速  418/1536 (27%)  有效 157  失败 261  CCTV央视台球
2026-09-03T08:35:48+00:00 INFO    [run=e3d24319927a4e74b11dacef586966c9 phase=speed_test event=progress.updated] 测速  495/1536 (32%)  有效 200  失败 295  江苏卫视
2026-09-03T08:36:18+00:00 INFO    [run=e3d24319927a4e74b11dacef586966c9 phase=speed_test event=progress.updated] 测速  571/1536 (37%)  有效 239  失败 332  东南卫视
2026-09-03T08:36:49+00:00 INFO    [run=e3d24319927a4e74b11dacef586966c9 phase=speed_test event=progress.updated] 测速  658/1536 (42%)  有效 280  失败 378  黑龙江卫视
2026-09-03T08:37:19+00:00 INFO    [run=e3d24319927a4e74b11dacef586966c9 phase=speed_test event=progress.updated] 测速  734/1536 (47%)  有效 313  失败 421  青海卫视
2026-09-03T08:37:49+00:00 INFO    [run=e3d24319927a4e74b11dacef586966c9 phase=speed_test event=progress.updated] 测速  801/1536 (52%)  有效 341  失败 460  西藏卫视
2026-09-03T08:38:20+00:00 INFO    [run=e3d24319927a4e74b11dacef586966c9 phase=speed_test event=progress.updated] 测速  886/1536 (57%)  有效 373  失败 513  明珠台
2026-09-03T08:38:50+00:00 INFO    [run=e3d24319927a4e74b11dacef586966c9 phase=speed_test event=progress.updated] 测速  984/1536 (64%)  有效 414  失败 570  中视
2026-09-03T08:39:20+00:00 INFO    [run=e3d24319927a4e74b11dacef586966c9 phase=speed_test event=progress.updated] 测速  1063/1536 (69%)  有效 462  失败 601  CHC动作电影
2026-09-03T08:39:51+00:00 INFO    [run=e3d24319927a4e74b11dacef586966c9 phase=speed_test event=progress.updated] 测速  1123/1536 (73%)  有效 478  失败 645  卡酷少儿
2026-09-03T08:40:02+00:00 INFO    [run=e3d24319927a4e74b11dacef586966c9 phase=speed_test event=speed_test.artifacts_written] 测速明细已写入 output/log/speed_test.log，有效结果已写入 output/log/result.log
2026-09-03T08:40:02+00:00 INFO    [run=e3d24319927a4e74b11dacef586966c9 phase=speed_test event=progress.finished] 测速  1536/1536  有效 488  失败 668
2026-09-03T08:40:02+00:00 INFO    [run=e3d24319927a4e74b11dacef586966c9 phase=output event=output.written] 结果文件生成完成：更新 3 个文件
2026-09-03T08:40:02+00:00 INFO    [run=e3d24319927a4e74b11dacef586966c9 phase=statistics event=statistics.finished] 频道统计完成：测试 1156，有效 488
2026-09-03T08:40:02+00:00 INFO    [run=e3d24319927a4e74b11dacef586966c9 phase=complete event=run.summary] 更新摘要
2026-09-03T08:40:02+00:00 INFO    [run=e3d24319927a4e74b11dacef586966c9 phase=complete event=run.finished] 更新完成！总耗时：08:48
2026-09-05T07:50:49+00:00 INFO    [event=application.started] IPTV-API 版本: 3.0.0 (构建时间: 2026-08-07 11:45:59)
2026-09-05T07:50:49+00:00 INFO    [phase=prepare event=network.ipv6.checking] 🛜 正在检查当前网络是否支持IPv6...
2026-09-05T07:50:49+00:00 WARNING [phase=prepare event=network.ipv6.unsupported] 当前网络不支持IPv6，别担心，IPv6的结果会被保存下来
2026-09-05T07:50:49+00:00 INFO    [run=3338949514804487af8e4dc044ae0d07 phase=prepare event=run.started] 性能模式: auto → balance，可用资源: 4.0 CPU / 15.61 GB，并发: 测速 8、媒体探测 2、源抓取 8
2026-09-05T07:50:49+00:00 INFO    [run=3338949514804487af8e4dc044ae0d07 phase=prepare event=channels.catalog_loaded] 频道目录已加载：白名单 0，黑名单 3，台标 21
2026-09-05T07:50:49+00:00 INFO    [run=3338949514804487af8e4dc044ae0d07 phase=fetch event=sources.subscribe.summary] 订阅源数量：15，订阅白名单数量：0，停用地址数量：0，有效总数量：15
2026-09-05T07:50:49+00:00 INFO    [run=3338949514804487af8e4dc044ae0d07 phase=fetch event=progress.started] 正在进行获取订阅源  0/15
2026-09-05T07:50:49+00:00 INFO    [run=3338949514804487af8e4dc044ae0d07 phase=fetch event=sources.epg.summary] EPG源数量：1，EPG白名单数量：0，停用地址数量：0，有效总数量：1
2026-09-05T07:50:49+00:00 INFO    [run=3338949514804487af8e4dc044ae0d07 phase=fetch event=progress.started] 正在进行获取EPG源  0/1
2026-09-05T07:50:51+00:00 INFO    [run=3338949514804487af8e4dc044ae0d07 phase=fetch event=progress.updated] 正在进行获取订阅源  1/15 (6%)  剩余 14
2026-09-05T07:50:51+00:00 INFO    [run=3338949514804487af8e4dc044ae0d07 phase=fetch event=progress.updated] 正在进行获取订阅源  3/15 (20%)  剩余 12
2026-09-05T07:50:51+00:00 INFO    [run=3338949514804487af8e4dc044ae0d07 phase=fetch event=progress.updated] 正在进行获取订阅源  5/15 (33%)  剩余 10
2026-09-05T07:50:51+00:00 INFO    [run=3338949514804487af8e4dc044ae0d07 phase=fetch event=epg.source_parsed] EPG 源解析完成：http://e.erw.cc/e.xml.gz，保留节目 4765 条
2026-09-05T07:50:51+00:00 INFO    [run=3338949514804487af8e4dc044ae0d07 phase=fetch event=progress.updated] 正在进行获取EPG源  1/1 (100%)  剩余 0
2026-09-05T07:50:51+00:00 INFO    [run=3338949514804487af8e4dc044ae0d07 phase=fetch event=sources.epg.finished] EPG源: ✅ 有效地址数量：1，⛔ 停用地址数量：0
2026-09-05T07:50:51+00:00 INFO    [run=3338949514804487af8e4dc044ae0d07 phase=fetch event=progress.finished] 正在进行获取EPG源  1/1  匹配 124 个频道
2026-09-05T07:50:51+00:00 INFO    [run=3338949514804487af8e4dc044ae0d07 phase=fetch event=progress.updated] 正在进行获取订阅源  7/15 (46%)  剩余 8
2026-09-05T07:50:52+00:00 INFO    [run=3338949514804487af8e4dc044ae0d07 phase=fetch event=progress.updated] 正在进行获取订阅源  9/15 (60%)  剩余 6
2026-09-05T07:50:52+00:00 INFO    [run=3338949514804487af8e4dc044ae0d07 phase=fetch event=progress.updated] 正在进行获取订阅源  11/15 (73%)  剩余 4
2026-09-05T07:50:52+00:00 INFO    [run=3338949514804487af8e4dc044ae0d07 phase=fetch event=progress.updated] 正在进行获取订阅源  13/15 (86%)  剩余 2
2026-09-05T07:51:01+00:00 WARNING [run=3338949514804487af8e4dc044ae0d07 phase=fetch event=request.retrying] 🔄 请求https://live.445569.xyz/live.m3u失败，正在进行第1次重试...
2026-09-05T07:51:13+00:00 WARNING [run=3338949514804487af8e4dc044ae0d07 phase=fetch event=source.request_failed] 订阅源请求失败：❌ 请求https://live.445569.xyz/live.m3u失败，已达到最大重试次数
2026-09-05T07:51:13+00:00 INFO    [run=3338949514804487af8e4dc044ae0d07 phase=fetch event=progress.updated] 正在进行获取订阅源  15/15 (100%)  剩余 0
2026-09-05T07:51:13+00:00 INFO    [run=3338949514804487af8e4dc044ae0d07 phase=fetch event=sources.subscribe.finished] 订阅源: ✅ 有效地址数量：15，⛔ 停用地址数量：0
2026-09-05T07:51:13+00:00 INFO    [run=3338949514804487af8e4dc044ae0d07 phase=fetch event=progress.finished] 正在进行获取订阅源  15/15  未匹配 3176
2026-09-05T07:52:38+00:00 INFO    [run=3338949514804487af8e4dc044ae0d07 phase=aggregate event=channels.aggregated] 频道数据聚合完成：170 个频道，1717 个接口（IPv4 1717 / IPv6 0）
2026-09-05T07:52:38+00:00 INFO    [run=3338949514804487af8e4dc044ae0d07 phase=speed_test event=speed_test.planned] 总接口数量: 1591, 需要进行测速的接口数量: 1591
2026-09-05T07:52:38+00:00 INFO    [run=3338949514804487af8e4dc044ae0d07 phase=speed_test event=progress.started] 测速  0/1591
2026-09-05T07:52:39+00:00 INFO    [run=3338949514804487af8e4dc044ae0d07 phase=speed_test event=progress.updated] 测速  1/1591 (0%)  有效 0  失败 1  CCTV-1
2026-09-05T07:53:09+00:00 INFO    [run=3338949514804487af8e4dc044ae0d07 phase=speed_test event=progress.updated] 测速  99/1591 (6%)  有效 61  失败 38  CCTV-9
2026-09-05T07:53:39+00:00 INFO    [run=3338949514804487af8e4dc044ae0d07 phase=speed_test event=progress.updated] 测速  195/1591 (12%)  有效 123  失败 72  CETV-1
2026-09-05T07:54:10+00:00 INFO    [run=3338949514804487af8e4dc044ae0d07 phase=speed_test event=progress.updated] 测速  288/1591 (18%)  有效 172  失败 116  CCTV-8K
2026-09-05T07:54:40+00:00 INFO    [run=3338949514804487af8e4dc044ae0d07 phase=speed_test event=progress.updated] 测速  366/1591 (23%)  有效 222  失败 144  深圳卫视
2026-09-05T07:55:11+00:00 INFO    [run=3338949514804487af8e4dc044ae0d07 phase=speed_test event=progress.updated] 测速  441/1591 (27%)  有效 266  失败 175  贵州卫视
2026-09-05T07:55:41+00:00 INFO    [run=3338949514804487af8e4dc044ae0d07 phase=speed_test event=progress.updated] 测速  518/1591 (32%)  有效 305  失败 213  江西卫视
2026-09-05T07:56:12+00:00 INFO    [run=3338949514804487af8e4dc044ae0d07 phase=speed_test event=progress.updated] 测速  584/1591 (36%)  有效 340  失败 244  青海卫视
2026-09-05T07:56:43+00:00 INFO    [run=3338949514804487af8e4dc044ae0d07 phase=speed_test event=progress.updated] 测速  655/1591 (41%)  有效 376  失败 279  云南卫视
2026-09-05T07:57:13+00:00 INFO    [run=3338949514804487af8e4dc044ae0d07 phase=speed_test event=progress.updated] 测速  726/1591 (45%)  有效 402  失败 324  凤凰中文台
2026-09-05T07:57:43+00:00 INFO    [run=3338949514804487af8e4dc044ae0d07 phase=speed_test event=progress.updated] 测速  839/1591 (52%)  有效 450  失败 389  广东民生
2026-09-05T07:58:13+00:00 INFO    [run=3338949514804487af8e4dc044ae0d07 phase=speed_test event=progress.updated] 测速  917/1591 (57%)  有效 483  失败 434  广州竞赛
2026-09-05T07:58:44+00:00 INFO    [run=3338949514804487af8e4dc044ae0d07 phase=speed_test event=progress.updated] 测速  990/1591 (62%)  有效 510  失败 480  老故事
2026-09-05T07:58:47+00:00 INFO    [run=3338949514804487af8e4dc044ae0d07 phase=speed_test event=speed_test.artifacts_written] 测速明细已写入 output/log/speed_test.log，有效结果已写入 output/log/result.log
2026-09-05T07:58:47+00:00 INFO    [run=3338949514804487af8e4dc044ae0d07 phase=speed_test event=progress.finished] 测速  1591/1591  有效 511  失败 485
2026-09-05T07:58:47+00:00 INFO    [run=3338949514804487af8e4dc044ae0d07 phase=output event=output.written] 结果文件生成完成：更新 3 个文件
2026-09-05T07:58:47+00:00 INFO    [run=3338949514804487af8e4dc044ae0d07 phase=statistics event=statistics.finished] 频道统计完成：测试 996，有效 511
2026-09-05T07:58:47+00:00 INFO    [run=3338949514804487af8e4dc044ae0d07 phase=complete event=run.summary] 更新摘要
2026-09-05T07:58:47+00:00 INFO    [run=3338949514804487af8e4dc044ae0d07 phase=complete event=run.finished] 更新完成！总耗时：07:57
2026-09-07T08:35:35+00:00 INFO    [event=application.started] IPTV-API 版本: 3.0.0 (构建时间: 2026-08-07 11:45:59)
2026-09-07T08:35:35+00:00 INFO    [phase=prepare event=network.ipv6.checking] 🛜 正在检查当前网络是否支持IPv6...
2026-09-07T08:35:35+00:00 WARNING [phase=prepare event=network.ipv6.unsupported] 当前网络不支持IPv6，别担心，IPv6的结果会被保存下来
2026-09-07T08:35:35+00:00 INFO    [run=4f5b0ca2e2e5451d816d1f1f1f511b15 phase=prepare event=run.started] 性能模式: auto → balance，可用资源: 4.0 CPU / 15.61 GB，并发: 测速 8、媒体探测 2、源抓取 8
2026-09-07T08:35:35+00:00 INFO    [run=4f5b0ca2e2e5451d816d1f1f1f511b15 phase=prepare event=channels.catalog_loaded] 频道目录已加载：白名单 0，黑名单 3，台标 21
2026-09-07T08:35:35+00:00 INFO    [run=4f5b0ca2e2e5451d816d1f1f1f511b15 phase=fetch event=sources.subscribe.summary] 订阅源数量：15，订阅白名单数量：0，停用地址数量：0，有效总数量：15
2026-09-07T08:35:35+00:00 INFO    [run=4f5b0ca2e2e5451d816d1f1f1f511b15 phase=fetch event=progress.started] 正在进行获取订阅源  0/15
2026-09-07T08:35:35+00:00 INFO    [run=4f5b0ca2e2e5451d816d1f1f1f511b15 phase=fetch event=sources.epg.summary] EPG源数量：1，EPG白名单数量：0，停用地址数量：0，有效总数量：1
2026-09-07T08:35:35+00:00 INFO    [run=4f5b0ca2e2e5451d816d1f1f1f511b15 phase=fetch event=progress.started] 正在进行获取EPG源  0/1
2026-09-07T08:35:36+00:00 INFO    [run=4f5b0ca2e2e5451d816d1f1f1f511b15 phase=fetch event=epg.source_parsed] EPG 源解析完成：http://e.erw.cc/e.xml.gz，保留节目 4942 条
2026-09-07T08:35:36+00:00 INFO    [run=4f5b0ca2e2e5451d816d1f1f1f511b15 phase=fetch event=progress.updated] 正在进行获取EPG源  1/1 (100%)  剩余 0
2026-09-07T08:35:36+00:00 INFO    [run=4f5b0ca2e2e5451d816d1f1f1f511b15 phase=fetch event=sources.epg.finished] EPG源: ✅ 有效地址数量：1，⛔ 停用地址数量：0
2026-09-07T08:35:36+00:00 INFO    [run=4f5b0ca2e2e5451d816d1f1f1f511b15 phase=fetch event=progress.finished] 正在进行获取EPG源  1/1  匹配 124 个频道
2026-09-07T08:35:36+00:00 INFO    [run=4f5b0ca2e2e5451d816d1f1f1f511b15 phase=fetch event=progress.updated] 正在进行获取订阅源  1/15 (6%)  剩余 14
2026-09-07T08:35:36+00:00 INFO    [run=4f5b0ca2e2e5451d816d1f1f1f511b15 phase=fetch event=progress.updated] 正在进行获取订阅源  3/15 (20%)  剩余 12
2026-09-07T08:35:36+00:00 INFO    [run=4f5b0ca2e2e5451d816d1f1f1f511b15 phase=fetch event=progress.updated] 正在进行获取订阅源  5/15 (33%)  剩余 10
2026-09-07T08:35:37+00:00 INFO    [run=4f5b0ca2e2e5451d816d1f1f1f511b15 phase=fetch event=progress.updated] 正在进行获取订阅源  7/15 (46%)  剩余 8
2026-09-07T08:35:38+00:00 INFO    [run=4f5b0ca2e2e5451d816d1f1f1f511b15 phase=fetch event=progress.updated] 正在进行获取订阅源  9/15 (60%)  剩余 6
2026-09-07T08:35:38+00:00 INFO    [run=4f5b0ca2e2e5451d816d1f1f1f511b15 phase=fetch event=progress.updated] 正在进行获取订阅源  11/15 (73%)  剩余 4
2026-09-07T08:35:38+00:00 INFO    [run=4f5b0ca2e2e5451d816d1f1f1f511b15 phase=fetch event=progress.updated] 正在进行获取订阅源  13/15 (86%)  剩余 2
2026-09-07T08:35:47+00:00 WARNING [run=4f5b0ca2e2e5451d816d1f1f1f511b15 phase=fetch event=request.retrying] 🔄 请求https://live.445569.xyz/live.m3u失败，正在进行第1次重试...
2026-09-07T08:35:59+00:00 WARNING [run=4f5b0ca2e2e5451d816d1f1f1f511b15 phase=fetch event=source.request_failed] 订阅源请求失败：❌ 请求https://live.445569.xyz/live.m3u失败，已达到最大重试次数
2026-09-07T08:35:59+00:00 INFO    [run=4f5b0ca2e2e5451d816d1f1f1f511b15 phase=fetch event=progress.updated] 正在进行获取订阅源  15/15 (100%)  剩余 0
2026-09-07T08:35:59+00:00 INFO    [run=4f5b0ca2e2e5451d816d1f1f1f511b15 phase=fetch event=sources.subscribe.finished] 订阅源: ✅ 有效地址数量：15，⛔ 停用地址数量：0
2026-09-07T08:35:59+00:00 INFO    [run=4f5b0ca2e2e5451d816d1f1f1f511b15 phase=fetch event=progress.finished] 正在进行获取订阅源  15/15  未匹配 3178
2026-09-07T08:37:09+00:00 INFO    [run=4f5b0ca2e2e5451d816d1f1f1f511b15 phase=aggregate event=channels.aggregated] 频道数据聚合完成：170 个频道，1763 个接口（IPv4 1763 / IPv6 0）
2026-09-07T08:37:09+00:00 INFO    [run=4f5b0ca2e2e5451d816d1f1f1f511b15 phase=speed_test event=speed_test.planned] 总接口数量: 1632, 需要进行测速的接口数量: 1632
2026-09-07T08:37:09+00:00 INFO    [run=4f5b0ca2e2e5451d816d1f1f1f511b15 phase=speed_test event=progress.started] 测速  0/1632
2026-09-07T08:37:09+00:00 INFO    [run=4f5b0ca2e2e5451d816d1f1f1f511b15 phase=speed_test event=progress.updated] 测速  1/1632 (0%)  有效 0  失败 1  CCTV-1
2026-09-07T08:37:39+00:00 INFO    [run=4f5b0ca2e2e5451d816d1f1f1f511b15 phase=speed_test event=progress.updated] 测速  92/1632 (5%)  有效 55  失败 37  CCTV-7
2026-09-07T08:38:09+00:00 INFO    [run=4f5b0ca2e2e5451d816d1f1f1f511b15 phase=speed_test event=progress.updated] 测速  175/1632 (10%)  有效 110  失败 65  CCTV-13
2026-09-07T08:38:39+00:00 INFO    [run=4f5b0ca2e2e5451d816d1f1f1f511b15 phase=speed_test event=progress.updated] 测速  261/1632 (15%)  有效 160  失败 101  CCTV高尔夫网球
2026-09-07T08:39:10+00:00 INFO    [run=4f5b0ca2e2e5451d816d1f1f1f511b15 phase=speed_test event=progress.updated] 测速  334/1632 (20%)  有效 196  失败 138  东方卫视
2026-09-07T08:39:41+00:00 INFO    [run=4f5b0ca2e2e5451d816d1f1f1f511b15 phase=speed_test event=progress.updated] 测速  415/1632 (25%)  有效 257  失败 158  东南卫视
2026-09-07T08:40:11+00:00 INFO    [run=4f5b0ca2e2e5451d816d1f1f1f511b15 phase=speed_test event=progress.updated] 测速  490/1632 (30%)  有效 293  失败 197  河南卫视
2026-09-07T08:40:41+00:00 INFO    [run=4f5b0ca2e2e5451d816d1f1f1f511b15 phase=speed_test event=progress.updated] 测速  563/1632 (34%)  有效 337  失败 226  内蒙古卫视
2026-09-07T08:41:11+00:00 INFO    [run=4f5b0ca2e2e5451d816d1f1f1f511b15 phase=speed_test event=progress.updated] 测速  622/1632 (38%)  有效 371  失败 251  山西卫视
2026-09-07T08:41:41+00:00 INFO    [run=4f5b0ca2e2e5451d816d1f1f1f511b15 phase=speed_test event=progress.updated] 测速  702/1632 (43%)  有效 412  失败 290  三沙卫视
2026-09-07T08:42:12+00:00 INFO    [run=4f5b0ca2e2e5451d816d1f1f1f511b15 phase=speed_test event=progress.updated] 测速  777/1632 (47%)  有效 448  失败 329  TVB新闻台
2026-09-07T08:42:42+00:00 INFO    [run=4f5b0ca2e2e5451d816d1f1f1f511b15 phase=speed_test event=progress.updated] 测速  854/1632 (52%)  有效 481  失败 373  广东珠江
2026-09-07T08:43:12+00:00 INFO    [run=4f5b0ca2e2e5451d816d1f1f1f511b15 phase=speed_test event=progress.updated] 测速  935/1632 (57%)  有效 527  失败 408  黑莓电影
2026-09-07T08:43:42+00:00 INFO    [run=4f5b0ca2e2e5451d816d1f1f1f511b15 phase=speed_test event=progress.updated] 测速  1012/1632 (62%)  有效 551  失败 461  CGTN纪录
2026-09-07T08:43:50+00:00 INFO    [run=4f5b0ca2e2e5451d816d1f1f1f511b15 phase=speed_test event=speed_test.artifacts_written] 测速明细已写入 output/log/speed_test.log，有效结果已写入 output/log/result.log
2026-09-07T08:43:50+00:00 INFO    [run=4f5b0ca2e2e5451d816d1f1f1f511b15 phase=speed_test event=progress.finished] 测速  1632/1632  有效 554  失败 474
2026-09-07T08:43:50+00:00 INFO    [run=4f5b0ca2e2e5451d816d1f1f1f511b15 phase=output event=output.written] 结果文件生成完成：更新 3 个文件
2026-09-07T08:43:51+00:00 INFO    [run=4f5b0ca2e2e5451d816d1f1f1f511b15 phase=statistics event=statistics.finished] 频道统计完成：测试 1028，有效 554
2026-09-07T08:43:51+00:00 INFO    [run=4f5b0ca2e2e5451d816d1f1f1f511b15 phase=complete event=run.summary] 更新摘要
2026-09-07T08:43:51+00:00 INFO    [run=4f5b0ca2e2e5451d816d1f1f1f511b15 phase=complete event=run.finished] 更新完成！总耗时：08:15
2026-09-09T08:21:23+00:00 INFO    [event=application.started] IPTV-API 版本: 3.0.0 (构建时间: 2026-08-07 11:45:59)
2026-09-09T08:21:23+00:00 INFO    [phase=prepare event=network.ipv6.checking] 🛜 正在检查当前网络是否支持IPv6...
2026-09-09T08:21:24+00:00 WARNING [phase=prepare event=network.ipv6.unsupported] 当前网络不支持IPv6，别担心，IPv6的结果会被保存下来
2026-09-09T08:21:24+00:00 INFO    [run=3508d8c210da486791b3f6d6d1cdda75 phase=prepare event=run.started] 性能模式: auto → balance，可用资源: 4.0 CPU / 15.61 GB，并发: 测速 8、媒体探测 2、源抓取 8
2026-09-09T08:21:24+00:00 INFO    [run=3508d8c210da486791b3f6d6d1cdda75 phase=prepare event=channels.catalog_loaded] 频道目录已加载：白名单 0，黑名单 3，台标 21
2026-09-09T08:21:24+00:00 INFO    [run=3508d8c210da486791b3f6d6d1cdda75 phase=fetch event=sources.subscribe.summary] 订阅源数量：15，订阅白名单数量：0，停用地址数量：0，有效总数量：15
2026-09-09T08:21:24+00:00 INFO    [run=3508d8c210da486791b3f6d6d1cdda75 phase=fetch event=progress.started] 正在进行获取订阅源  0/15
2026-09-09T08:21:24+00:00 INFO    [run=3508d8c210da486791b3f6d6d1cdda75 phase=fetch event=sources.epg.summary] EPG源数量：1，EPG白名单数量：0，停用地址数量：0，有效总数量：1
2026-09-09T08:21:24+00:00 INFO    [run=3508d8c210da486791b3f6d6d1cdda75 phase=fetch event=progress.started] 正在进行获取EPG源  0/1
2026-09-09T08:21:25+00:00 INFO    [run=3508d8c210da486791b3f6d6d1cdda75 phase=fetch event=epg.source_parsed] EPG 源解析完成：http://e.erw.cc/e.xml.gz，保留节目 4969 条
2026-09-09T08:21:25+00:00 INFO    [run=3508d8c210da486791b3f6d6d1cdda75 phase=fetch event=progress.updated] 正在进行获取EPG源  1/1 (100%)  剩余 0
2026-09-09T08:21:25+00:00 INFO    [run=3508d8c210da486791b3f6d6d1cdda75 phase=fetch event=sources.epg.finished] EPG源: ✅ 有效地址数量：1，⛔ 停用地址数量：0
2026-09-09T08:21:25+00:00 INFO    [run=3508d8c210da486791b3f6d6d1cdda75 phase=fetch event=progress.finished] 正在进行获取EPG源  1/1  匹配 124 个频道
2026-09-09T08:21:25+00:00 INFO    [run=3508d8c210da486791b3f6d6d1cdda75 phase=fetch event=progress.updated] 正在进行获取订阅源  1/15 (6%)  剩余 14
2026-09-09T08:21:25+00:00 INFO    [run=3508d8c210da486791b3f6d6d1cdda75 phase=fetch event=progress.updated] 正在进行获取订阅源  3/15 (20%)  剩余 12
2026-09-09T08:21:25+00:00 INFO    [run=3508d8c210da486791b3f6d6d1cdda75 phase=fetch event=progress.updated] 正在进行获取订阅源  5/15 (33%)  剩余 10
2026-09-09T08:21:25+00:00 INFO    [run=3508d8c210da486791b3f6d6d1cdda75 phase=fetch event=progress.updated] 正在进行获取订阅源  7/15 (46%)  剩余 8
2026-09-09T08:21:26+00:00 INFO    [run=3508d8c210da486791b3f6d6d1cdda75 phase=fetch event=progress.updated] 正在进行获取订阅源  9/15 (60%)  剩余 6
2026-09-09T08:21:26+00:00 INFO    [run=3508d8c210da486791b3f6d6d1cdda75 phase=fetch event=progress.updated] 正在进行获取订阅源  11/15 (73%)  剩余 4
2026-09-09T08:21:26+00:00 INFO    [run=3508d8c210da486791b3f6d6d1cdda75 phase=fetch event=progress.updated] 正在进行获取订阅源  13/15 (86%)  剩余 2
2026-09-09T08:21:32+00:00 INFO    [run=3508d8c210da486791b3f6d6d1cdda75 phase=fetch event=progress.updated] 正在进行获取订阅源  15/15 (100%)  剩余 0
2026-09-09T08:21:32+00:00 INFO    [run=3508d8c210da486791b3f6d6d1cdda75 phase=fetch event=sources.subscribe.finished] 订阅源: ✅ 有效地址数量：15，⛔ 停用地址数量：0
2026-09-09T08:21:32+00:00 INFO    [run=3508d8c210da486791b3f6d6d1cdda75 phase=fetch event=progress.finished] 正在进行获取订阅源  15/15  未匹配 4791
2026-09-09T08:22:57+00:00 INFO    [run=3508d8c210da486791b3f6d6d1cdda75 phase=aggregate event=channels.aggregated] 频道数据聚合完成：170 个频道，2157 个接口（IPv4 2157 / IPv6 0）
2026-09-09T08:22:57+00:00 INFO    [run=3508d8c210da486791b3f6d6d1cdda75 phase=speed_test event=speed_test.planned] 总接口数量: 2022, 需要进行测速的接口数量: 2022
2026-09-09T08:22:57+00:00 INFO    [run=3508d8c210da486791b3f6d6d1cdda75 phase=speed_test event=progress.started] 测速  0/2022
2026-09-09T08:22:58+00:00 INFO    [run=3508d8c210da486791b3f6d6d1cdda75 phase=speed_test event=progress.updated] 测速  1/2022 (0%)  有效 1  失败 0  CCTV-1
2026-09-09T08:23:28+00:00 INFO    [run=3508d8c210da486791b3f6d6d1cdda75 phase=speed_test event=progress.updated] 测速  75/2022 (3%)  有效 55  失败 20  CCTV-6
2026-09-09T08:23:59+00:00 INFO    [run=3508d8c210da486791b3f6d6d1cdda75 phase=speed_test event=progress.updated] 测速  151/2022 (7%)  有效 96  失败 55  CCTV-12
2026-09-09T08:24:29+00:00 INFO    [run=3508d8c210da486791b3f6d6d1cdda75 phase=speed_test event=progress.updated] 测速  244/2022 (12%)  有效 153  失败 91  CETV-2
2026-09-09T08:25:01+00:00 INFO    [run=3508d8c210da486791b3f6d6d1cdda75 phase=speed_test event=progress.updated] 测速  321/2022 (15%)  有效 191  失败 130  CCTV-8K
2026-09-09T08:25:31+00:00 INFO    [run=3508d8c210da486791b3f6d6d1cdda75 phase=speed_test event=progress.updated] 测速  400/2022 (19%)  有效 252  失败 148  安徽卫视
2026-09-09T08:26:01+00:00 INFO    [run=3508d8c210da486791b3f6d6d1cdda75 phase=speed_test event=progress.updated] 测速  472/2022 (23%)  有效 292  失败 180  海南卫视
2026-09-09T08:26:31+00:00 INFO    [run=3508d8c210da486791b3f6d6d1cdda75 phase=speed_test event=progress.updated] 测速  545/2022 (26%)  有效 322  失败 223  湖北卫视
2026-09-09T08:27:02+00:00 INFO    [run=3508d8c210da486791b3f6d6d1cdda75 phase=speed_test event=progress.updated] 测速  618/2022 (30%)  有效 369  失败 249  山东卫视
2026-09-09T08:27:32+00:00 INFO    [run=3508d8c210da486791b3f6d6d1cdda75 phase=speed_test event=progress.updated] 测速  701/2022 (34%)  有效 407  失败 294  新疆卫视
2026-09-09T08:28:02+00:00 INFO    [run=3508d8c210da486791b3f6d6d1cdda75 phase=speed_test event=progress.updated] 测速  777/2022 (38%)  有效 437  失败 340  凤凰中文台
2026-09-09T08:28:32+00:00 INFO    [run=3508d8c210da486791b3f6d6d1cdda75 phase=speed_test event=progress.updated] 测速  854/2022 (42%)  有效 478  失败 376  台视
2026-09-09T08:29:05+00:00 INFO    [run=3508d8c210da486791b3f6d6d1cdda75 phase=speed_test event=progress.updated] 测速  948/2022 (46%)  有效 526  失败 422  广州影视
2026-09-09T08:29:35+00:00 INFO    [run=3508d8c210da486791b3f6d6d1cdda75 phase=speed_test event=progress.updated] 测速  1015/2022 (50%)  有效 539  失败 476  NewTV超级综艺
2026-09-09T08:30:05+00:00 INFO    [run=3508d8c210da486791b3f6d6d1cdda75 phase=speed_test event=progress.updated] 测速  1105/2022 (54%)  有效 566  失败 539  四海钓鱼
2026-09-09T08:30:08+00:00 INFO    [run=3508d8c210da486791b3f6d6d1cdda75 phase=speed_test event=speed_test.artifacts_written] 测速明细已写入 output/log/speed_test.log，有效结果已写入 output/log/result.log
2026-09-09T08:30:08+00:00 INFO    [run=3508d8c210da486791b3f6d6d1cdda75 phase=speed_test event=progress.finished] 测速  2022/2022  有效 568  失败 541
2026-09-09T08:30:08+00:00 INFO    [run=3508d8c210da486791b3f6d6d1cdda75 phase=output event=output.written] 结果文件生成完成：更新 3 个文件
2026-09-09T08:30:08+00:00 INFO    [run=3508d8c210da486791b3f6d6d1cdda75 phase=statistics event=statistics.finished] 频道统计完成：测试 1109，有效 568
2026-09-09T08:30:08+00:00 INFO    [run=3508d8c210da486791b3f6d6d1cdda75 phase=complete event=run.summary] 更新摘要
2026-09-09T08:30:08+00:00 INFO    [run=3508d8c210da486791b3f6d6d1cdda75 phase=complete event=run.finished] 更新完成！总耗时：08:44
2026-09-11T08:15:44+00:00 INFO    [event=application.started] IPTV-API 版本: 3.0.0 (构建时间: 2026-08-07 11:45:59)
2026-09-11T08:15:44+00:00 INFO    [phase=prepare event=network.ipv6.checking] 🛜 正在检查当前网络是否支持IPv6...
2026-09-11T08:15:45+00:00 WARNING [phase=prepare event=network.ipv6.unsupported] 当前网络不支持IPv6，别担心，IPv6的结果会被保存下来
2026-09-11T08:15:45+00:00 INFO    [run=5227ab45cf9b4ce9be012cd5257ce662 phase=prepare event=run.started] 性能模式: auto → balance，可用资源: 4.0 CPU / 15.61 GB，并发: 测速 8、媒体探测 2、源抓取 8
2026-09-11T08:15:45+00:00 INFO    [run=5227ab45cf9b4ce9be012cd5257ce662 phase=prepare event=channels.catalog_loaded] 频道目录已加载：白名单 0，黑名单 3，台标 21
2026-09-11T08:15:45+00:00 INFO    [run=5227ab45cf9b4ce9be012cd5257ce662 phase=fetch event=sources.subscribe.summary] 订阅源数量：15，订阅白名单数量：0，停用地址数量：0，有效总数量：15
2026-09-11T08:15:45+00:00 INFO    [run=5227ab45cf9b4ce9be012cd5257ce662 phase=fetch event=progress.started] 正在进行获取订阅源  0/15
2026-09-11T08:15:45+00:00 INFO    [run=5227ab45cf9b4ce9be012cd5257ce662 phase=fetch event=sources.epg.summary] EPG源数量：1，EPG白名单数量：0，停用地址数量：0，有效总数量：1
2026-09-11T08:15:45+00:00 INFO    [run=5227ab45cf9b4ce9be012cd5257ce662 phase=fetch event=progress.started] 正在进行获取EPG源  0/1
2026-09-11T08:15:46+00:00 INFO    [run=5227ab45cf9b4ce9be012cd5257ce662 phase=fetch event=progress.updated] 正在进行获取订阅源  1/15 (6%)  剩余 14
2026-09-11T08:15:46+00:00 INFO    [run=5227ab45cf9b4ce9be012cd5257ce662 phase=fetch event=progress.updated] 正在进行获取订阅源  3/15 (20%)  剩余 12
2026-09-11T08:15:46+00:00 INFO    [run=5227ab45cf9b4ce9be012cd5257ce662 phase=fetch event=epg.source_parsed] EPG 源解析完成：http://e.erw.cc/e.xml.gz，保留节目 4938 条
2026-09-11T08:15:46+00:00 INFO    [run=5227ab45cf9b4ce9be012cd5257ce662 phase=fetch event=progress.updated] 正在进行获取EPG源  1/1 (100%)  剩余 0
2026-09-11T08:15:46+00:00 INFO    [run=5227ab45cf9b4ce9be012cd5257ce662 phase=fetch event=progress.updated] 正在进行获取订阅源  5/15 (33%)  剩余 10
2026-09-11T08:15:46+00:00 INFO    [run=5227ab45cf9b4ce9be012cd5257ce662 phase=fetch event=sources.epg.finished] EPG源: ✅ 有效地址数量：1，⛔ 停用地址数量：0
2026-09-11T08:15:46+00:00 INFO    [run=5227ab45cf9b4ce9be012cd5257ce662 phase=fetch event=progress.finished] 正在进行获取EPG源  1/1  匹配 124 个频道
2026-09-11T08:15:46+00:00 INFO    [run=5227ab45cf9b4ce9be012cd5257ce662 phase=fetch event=progress.updated] 正在进行获取订阅源  7/15 (46%)  剩余 8
2026-09-11T08:15:47+00:00 INFO    [run=5227ab45cf9b4ce9be012cd5257ce662 phase=fetch event=progress.updated] 正在进行获取订阅源  9/15 (60%)  剩余 6
2026-09-11T08:15:47+00:00 INFO    [run=5227ab45cf9b4ce9be012cd5257ce662 phase=fetch event=progress.updated] 正在进行获取订阅源  11/15 (73%)  剩余 4
2026-09-11T08:15:47+00:00 INFO    [run=5227ab45cf9b4ce9be012cd5257ce662 phase=fetch event=progress.updated] 正在进行获取订阅源  13/15 (86%)  剩余 2
2026-09-11T08:15:56+00:00 WARNING [run=5227ab45cf9b4ce9be012cd5257ce662 phase=fetch event=request.retrying] 🔄 请求https://live.445569.xyz/live.m3u失败，正在进行第1次重试...
2026-09-11T08:16:07+00:00 INFO    [run=5227ab45cf9b4ce9be012cd5257ce662 phase=fetch event=progress.updated] 正在进行获取订阅源  15/15 (100%)  剩余 0
2026-09-11T08:16:07+00:00 INFO    [run=5227ab45cf9b4ce9be012cd5257ce662 phase=fetch event=sources.subscribe.finished] 订阅源: ✅ 有效地址数量：15，⛔ 停用地址数量：0
2026-09-11T08:16:07+00:00 INFO    [run=5227ab45cf9b4ce9be012cd5257ce662 phase=fetch event=progress.finished] 正在进行获取订阅源  15/15  未匹配 4676
2026-09-11T08:17:17+00:00 INFO    [run=5227ab45cf9b4ce9be012cd5257ce662 phase=aggregate event=channels.aggregated] 频道数据聚合完成：170 个频道，2161 个接口（IPv4 2161 / IPv6 0）
2026-09-11T08:17:18+00:00 INFO    [run=5227ab45cf9b4ce9be012cd5257ce662 phase=speed_test event=speed_test.planned] 总接口数量: 2023, 需要进行测速的接口数量: 2023
2026-09-11T08:17:18+00:00 INFO    [run=5227ab45cf9b4ce9be012cd5257ce662 phase=speed_test event=progress.started] 测速  0/2023
2026-09-11T08:17:19+00:00 INFO    [run=5227ab45cf9b4ce9be012cd5257ce662 phase=speed_test event=progress.updated] 测速  1/2023 (0%)  有效 1  失败 0  CCTV-1
2026-09-11T08:17:50+00:00 INFO    [run=5227ab45cf9b4ce9be012cd5257ce662 phase=speed_test event=progress.updated] 测速  91/2023 (4%)  有效 59  失败 32  CCTV-7
2026-09-11T08:18:21+00:00 INFO    [run=5227ab45cf9b4ce9be012cd5257ce662 phase=speed_test event=progress.updated] 测速  175/2023 (8%)  有效 115  失败 60  CCTV-14
2026-09-11T08:18:52+00:00 INFO    [run=5227ab45cf9b4ce9be012cd5257ce662 phase=speed_test event=progress.updated] 测速  268/2023 (13%)  有效 165  失败 103  CCTV高尔夫网球
2026-09-11T08:19:22+00:00 INFO    [run=5227ab45cf9b4ce9be012cd5257ce662 phase=speed_test event=progress.updated] 测速  349/2023 (17%)  有效 210  失败 139  浙江卫视
2026-09-11T08:19:53+00:00 INFO    [run=5227ab45cf9b4ce9be012cd5257ce662 phase=speed_test event=progress.updated] 测速  441/2023 (21%)  有效 278  失败 163  重庆卫视
2026-09-11T08:20:23+00:00 INFO    [run=5227ab45cf9b4ce9be012cd5257ce662 phase=speed_test event=progress.updated] 测速  504/2023 (24%)  有效 307  失败 197  河北卫视
2026-09-11T08:20:53+00:00 INFO    [run=5227ab45cf9b4ce9be012cd5257ce662 phase=speed_test event=progress.updated] 测速  589/2023 (29%)  有效 362  失败 227  宁夏卫视
2026-09-11T08:21:23+00:00 INFO    [run=5227ab45cf9b4ce9be012cd5257ce662 phase=speed_test event=progress.updated] 测速  683/2023 (33%)  有效 404  失败 279  西藏卫视
2026-09-11T08:21:53+00:00 INFO    [run=5227ab45cf9b4ce9be012cd5257ce662 phase=speed_test event=progress.updated] 测速  763/2023 (37%)  有效 446  失败 317  明珠台
2026-09-11T08:22:24+00:00 INFO    [run=5227ab45cf9b4ce9be012cd5257ce662 phase=speed_test event=progress.updated] 测速  855/2023 (42%)  有效 493  失败 362  第一财经
2026-09-11T08:22:54+00:00 INFO    [run=5227ab45cf9b4ce9be012cd5257ce662 phase=speed_test event=progress.updated] 测速  933/2023 (46%)  有效 539  失败 394  CHC家庭影院
2026-09-11T08:23:24+00:00 INFO    [run=5227ab45cf9b4ce9be012cd5257ce662 phase=speed_test event=progress.updated] 测速  1001/2023 (49%)  有效 547  失败 454  嘉佳卡通
2026-09-11T08:23:50+00:00 INFO    [run=5227ab45cf9b4ce9be012cd5257ce662 phase=speed_test event=speed_test.artifacts_written] 测速明细已写入 output/log/speed_test.log，有效结果已写入 output/log/result.log
2026-09-11T08:23:50+00:00 INFO    [run=5227ab45cf9b4ce9be012cd5257ce662 phase=speed_test event=progress.finished] 测速  2023/2023  有效 573  失败 510
2026-09-11T08:23:51+00:00 INFO    [run=5227ab45cf9b4ce9be012cd5257ce662 phase=output event=output.written] 结果文件生成完成：更新 3 个文件
2026-09-11T08:23:51+00:00 INFO    [run=5227ab45cf9b4ce9be012cd5257ce662 phase=statistics event=statistics.finished] 频道统计完成：测试 1083，有效 573
2026-09-11T08:23:51+00:00 INFO    [run=5227ab45cf9b4ce9be012cd5257ce662 phase=complete event=run.summary] 更新摘要
2026-09-11T08:23:51+00:00 INFO    [run=5227ab45cf9b4ce9be012cd5257ce662 phase=complete event=run.finished] 更新完成！总耗时：08:06
2026-09-13T08:30:50+00:00 INFO    [event=application.started] IPTV-API 版本: 3.0.0 (构建时间: 2026-08-07 11:45:59)
2026-09-13T08:30:50+00:00 INFO    [phase=prepare event=network.ipv6.checking] 🛜 正在检查当前网络是否支持IPv6...
2026-09-13T08:30:51+00:00 WARNING [phase=prepare event=network.ipv6.unsupported] 当前网络不支持IPv6，别担心，IPv6的结果会被保存下来
2026-09-13T08:30:51+00:00 INFO    [run=ee6bde952e164f0f9ff325da4e108080 phase=prepare event=run.started] 性能模式: auto → balance，可用资源: 4.0 CPU / 15.61 GB，并发: 测速 8、媒体探测 2、源抓取 8
2026-09-13T08:30:51+00:00 INFO    [run=ee6bde952e164f0f9ff325da4e108080 phase=prepare event=channels.catalog_loaded] 频道目录已加载：白名单 0，黑名单 3，台标 21
2026-09-13T08:30:51+00:00 INFO    [run=ee6bde952e164f0f9ff325da4e108080 phase=fetch event=sources.subscribe.summary] 订阅源数量：15，订阅白名单数量：0，停用地址数量：0，有效总数量：15
2026-09-13T08:30:51+00:00 INFO    [run=ee6bde952e164f0f9ff325da4e108080 phase=fetch event=progress.started] 正在进行获取订阅源  0/15
2026-09-13T08:30:51+00:00 INFO    [run=ee6bde952e164f0f9ff325da4e108080 phase=fetch event=sources.epg.summary] EPG源数量：1，EPG白名单数量：0，停用地址数量：0，有效总数量：1
2026-09-13T08:30:51+00:00 INFO    [run=ee6bde952e164f0f9ff325da4e108080 phase=fetch event=progress.started] 正在进行获取EPG源  0/1
2026-09-13T08:30:52+00:00 INFO    [run=ee6bde952e164f0f9ff325da4e108080 phase=fetch event=progress.updated] 正在进行获取订阅源  1/15 (6%)  剩余 14
2026-09-13T08:30:52+00:00 INFO    [run=ee6bde952e164f0f9ff325da4e108080 phase=fetch event=progress.updated] 正在进行获取订阅源  3/15 (20%)  剩余 12
2026-09-13T08:30:52+00:00 INFO    [run=ee6bde952e164f0f9ff325da4e108080 phase=fetch event=progress.updated] 正在进行获取订阅源  5/15 (33%)  剩余 10
2026-09-13T08:30:52+00:00 INFO    [run=ee6bde952e164f0f9ff325da4e108080 phase=fetch event=epg.source_parsed] EPG 源解析完成：http://e.erw.cc/e.xml.gz，保留节目 4773 条
2026-09-13T08:30:52+00:00 INFO    [run=ee6bde952e164f0f9ff325da4e108080 phase=fetch event=progress.updated] 正在进行获取EPG源  1/1 (100%)  剩余 0
2026-09-13T08:30:52+00:00 INFO    [run=ee6bde952e164f0f9ff325da4e108080 phase=fetch event=sources.epg.finished] EPG源: ✅ 有效地址数量：1，⛔ 停用地址数量：0
2026-09-13T08:30:52+00:00 INFO    [run=ee6bde952e164f0f9ff325da4e108080 phase=fetch event=progress.finished] 正在进行获取EPG源  1/1  匹配 124 个频道
2026-09-13T08:30:52+00:00 INFO    [run=ee6bde952e164f0f9ff325da4e108080 phase=fetch event=progress.updated] 正在进行获取订阅源  7/15 (46%)  剩余 8
2026-09-13T08:30:53+00:00 INFO    [run=ee6bde952e164f0f9ff325da4e108080 phase=fetch event=progress.updated] 正在进行获取订阅源  9/15 (60%)  剩余 6
2026-09-13T08:30:53+00:00 INFO    [run=ee6bde952e164f0f9ff325da4e108080 phase=fetch event=progress.updated] 正在进行获取订阅源  11/15 (73%)  剩余 4
2026-09-13T08:30:53+00:00 INFO    [run=ee6bde952e164f0f9ff325da4e108080 phase=fetch event=progress.updated] 正在进行获取订阅源  13/15 (86%)  剩余 2
2026-09-13T08:31:02+00:00 WARNING [run=ee6bde952e164f0f9ff325da4e108080 phase=fetch event=request.retrying] 🔄 请求https://live.445569.xyz/live.m3u失败，正在进行第1次重试...
2026-09-13T08:31:14+00:00 WARNING [run=ee6bde952e164f0f9ff325da4e108080 phase=fetch event=source.request_failed] 订阅源请求失败：❌ 请求https://live.445569.xyz/live.m3u失败，已达到最大重试次数
2026-09-13T08:31:14+00:00 INFO    [run=ee6bde952e164f0f9ff325da4e108080 phase=fetch event=progress.updated] 正在进行获取订阅源  15/15 (100%)  剩余 0
2026-09-13T08:31:14+00:00 INFO    [run=ee6bde952e164f0f9ff325da4e108080 phase=fetch event=sources.subscribe.finished] 订阅源: ✅ 有效地址数量：15，⛔ 停用地址数量：0
2026-09-13T08:31:14+00:00 INFO    [run=ee6bde952e164f0f9ff325da4e108080 phase=fetch event=progress.finished] 正在进行获取订阅源  15/15  未匹配 3166
2026-09-13T08:32:27+00:00 INFO    [run=ee6bde952e164f0f9ff325da4e108080 phase=aggregate event=channels.aggregated] 频道数据聚合完成：170 个频道，1750 个接口（IPv4 1750 / IPv6 0）
2026-09-13T08:32:27+00:00 INFO    [run=ee6bde952e164f0f9ff325da4e108080 phase=speed_test event=speed_test.planned] 总接口数量: 1621, 需要进行测速的接口数量: 1621
2026-09-13T08:32:27+00:00 INFO    [run=ee6bde952e164f0f9ff325da4e108080 phase=speed_test event=progress.started] 测速  0/1621
2026-09-13T08:32:27+00:00 INFO    [run=ee6bde952e164f0f9ff325da4e108080 phase=speed_test event=progress.updated] 测速  1/1621 (0%)  有效 1  失败 0  CCTV-1
2026-09-13T08:32:58+00:00 INFO    [run=ee6bde952e164f0f9ff325da4e108080 phase=speed_test event=progress.updated] 测速  93/1621 (5%)  有效 57  失败 36  CCTV-7
2026-09-13T08:33:29+00:00 INFO    [run=ee6bde952e164f0f9ff325da4e108080 phase=speed_test event=progress.updated] 测速  199/1621 (12%)  有效 117  失败 82  CCTV-16
2026-09-13T08:34:01+00:00 INFO    [run=ee6bde952e164f0f9ff325da4e108080 phase=speed_test event=progress.updated] 测速  297/1621 (18%)  有效 178  失败 119  CCTV央视台球
2026-09-13T08:34:31+00:00 INFO    [run=ee6bde952e164f0f9ff325da4e108080 phase=speed_test event=progress.updated] 测速  391/1621 (24%)  有效 233  失败 158  广东卫视
2026-09-13T08:35:02+00:00 INFO    [run=ee6bde952e164f0f9ff325da4e108080 phase=speed_test event=progress.updated] 测速  483/1621 (29%)  有效 296  失败 187  海南卫视
2026-09-13T08:35:32+00:00 INFO    [run=ee6bde952e164f0f9ff325da4e108080 phase=speed_test event=progress.updated] 测速  583/1621 (35%)  有效 360  失败 223  辽宁卫视
2026-09-13T08:36:02+00:00 INFO    [run=ee6bde952e164f0f9ff325da4e108080 phase=speed_test event=progress.updated] 测速  668/1621 (41%)  有效 409  失败 259  天津卫视
2026-09-13T08:36:32+00:00 INFO    [run=ee6bde952e164f0f9ff325da4e108080 phase=speed_test event=progress.updated] 测速  758/1621 (46%)  有效 453  失败 305  明珠台
2026-09-13T08:37:03+00:00 INFO    [run=ee6bde952e164f0f9ff325da4e108080 phase=speed_test event=progress.updated] 测速  845/1621 (52%)  有效 492  失败 353  台视
2026-09-13T08:37:33+00:00 INFO    [run=ee6bde952e164f0f9ff325da4e108080 phase=speed_test event=progress.updated] 测速  931/1621 (57%)  有效 537  失败 394  广州竞赛
2026-09-13T08:38:04+00:00 INFO    [run=ee6bde952e164f0f9ff325da4e108080 phase=speed_test event=progress.updated] 测速  1010/1621 (62%)  有效 566  失败 444  卡酷少儿
2026-09-13T08:38:18+00:00 INFO    [run=ee6bde952e164f0f9ff325da4e108080 phase=speed_test event=speed_test.artifacts_written] 测速明细已写入 output/log/speed_test.log，有效结果已写入 output/log/result.log
2026-09-13T08:38:18+00:00 INFO    [run=ee6bde952e164f0f9ff325da4e108080 phase=speed_test event=progress.finished] 测速  1621/1621  有效 577  失败 475
2026-09-13T08:38:18+00:00 INFO    [run=ee6bde952e164f0f9ff325da4e108080 phase=output event=output.written] 结果文件生成完成：更新 3 个文件
2026-09-13T08:38:18+00:00 INFO    [run=ee6bde952e164f0f9ff325da4e108080 phase=statistics event=statistics.finished] 频道统计完成：测试 1052，有效 577
2026-09-13T08:38:18+00:00 INFO    [run=ee6bde952e164f0f9ff325da4e108080 phase=complete event=run.summary] 更新摘要
2026-09-13T08:38:18+00:00 INFO    [run=ee6bde952e164f0f9ff325da4e108080 phase=complete event=run.finished] 更新完成！总耗时：07:27
2026-09-15T08:55:35+00:00 INFO    [event=application.started] IPTV-API 版本: 3.0.0 (构建时间: 2026-08-07 11:45:59)
2026-09-15T08:55:36+00:00 INFO    [phase=prepare event=network.ipv6.checking] 🛜 正在检查当前网络是否支持IPv6...
2026-09-15T08:55:36+00:00 WARNING [phase=prepare event=network.ipv6.unsupported] 当前网络不支持IPv6，别担心，IPv6的结果会被保存下来
2026-09-15T08:55:36+00:00 INFO    [run=b7b09c5f86ea45f98e3709780f188b72 phase=prepare event=run.started] 性能模式: auto → balance，可用资源: 4.0 CPU / 15.61 GB，并发: 测速 8、媒体探测 2、源抓取 8
2026-09-15T08:55:36+00:00 INFO    [run=b7b09c5f86ea45f98e3709780f188b72 phase=prepare event=channels.catalog_loaded] 频道目录已加载：白名单 0，黑名单 3，台标 21
2026-09-15T08:55:36+00:00 INFO    [run=b7b09c5f86ea45f98e3709780f188b72 phase=fetch event=sources.subscribe.summary] 订阅源数量：15，订阅白名单数量：0，停用地址数量：0，有效总数量：15
2026-09-15T08:55:36+00:00 INFO    [run=b7b09c5f86ea45f98e3709780f188b72 phase=fetch event=progress.started] 正在进行获取订阅源  0/15
2026-09-15T08:55:36+00:00 INFO    [run=b7b09c5f86ea45f98e3709780f188b72 phase=fetch event=sources.epg.summary] EPG源数量：1，EPG白名单数量：0，停用地址数量：0，有效总数量：1
2026-09-15T08:55:36+00:00 INFO    [run=b7b09c5f86ea45f98e3709780f188b72 phase=fetch event=progress.started] 正在进行获取EPG源  0/1
2026-09-15T08:55:37+00:00 INFO    [run=b7b09c5f86ea45f98e3709780f188b72 phase=fetch event=progress.updated] 正在进行获取订阅源  1/15 (6%)  剩余 14
2026-09-15T08:55:37+00:00 WARNING [run=b7b09c5f86ea45f98e3709780f188b72 phase=fetch event=request.retrying] 🔄 请求https://live.445569.xyz/live.m3u失败，正在进行第1次重试...
2026-09-15T08:55:37+00:00 INFO    [run=b7b09c5f86ea45f98e3709780f188b72 phase=fetch event=epg.source_parsed] EPG 源解析完成：http://e.erw.cc/e.xml.gz，保留节目 4857 条
2026-09-15T08:55:37+00:00 INFO    [run=b7b09c5f86ea45f98e3709780f188b72 phase=fetch event=progress.updated] 正在进行获取EPG源  1/1 (100%)  剩余 0
2026-09-15T08:55:37+00:00 INFO    [run=b7b09c5f86ea45f98e3709780f188b72 phase=fetch event=sources.epg.finished] EPG源: ✅ 有效地址数量：1，⛔ 停用地址数量：0
2026-09-15T08:55:37+00:00 INFO    [run=b7b09c5f86ea45f98e3709780f188b72 phase=fetch event=progress.finished] 正在进行获取EPG源  1/1  匹配 124 个频道
2026-09-15T08:55:37+00:00 INFO    [run=b7b09c5f86ea45f98e3709780f188b72 phase=fetch event=progress.updated] 正在进行获取订阅源  3/15 (20%)  剩余 12
2026-09-15T08:55:37+00:00 INFO    [run=b7b09c5f86ea45f98e3709780f188b72 phase=fetch event=progress.updated] 正在进行获取订阅源  5/15 (33%)  剩余 10
2026-09-15T08:55:37+00:00 INFO    [run=b7b09c5f86ea45f98e3709780f188b72 phase=fetch event=progress.updated] 正在进行获取订阅源  7/15 (46%)  剩余 8
2026-09-15T08:55:38+00:00 WARNING [run=b7b09c5f86ea45f98e3709780f188b72 phase=fetch event=source.request_failed] 订阅源请求失败：❌ 请求https://live.445569.xyz/live.m3u失败，已达到最大重试次数
2026-09-15T08:55:38+00:00 INFO    [run=b7b09c5f86ea45f98e3709780f188b72 phase=fetch event=progress.updated] 正在进行获取订阅源  9/15 (60%)  剩余 6
2026-09-15T08:55:38+00:00 INFO    [run=b7b09c5f86ea45f98e3709780f188b72 phase=fetch event=progress.updated] 正在进行获取订阅源  11/15 (73%)  剩余 4
2026-09-15T08:55:38+00:00 INFO    [run=b7b09c5f86ea45f98e3709780f188b72 phase=fetch event=progress.updated] 正在进行获取订阅源  13/15 (86%)  剩余 2
2026-09-15T08:55:38+00:00 INFO    [run=b7b09c5f86ea45f98e3709780f188b72 phase=fetch event=progress.updated] 正在进行获取订阅源  15/15 (100%)  剩余 0
2026-09-15T08:55:39+00:00 INFO    [run=b7b09c5f86ea45f98e3709780f188b72 phase=fetch event=sources.subscribe.finished] 订阅源: ✅ 有效地址数量：15，⛔ 停用地址数量：0
2026-09-15T08:55:39+00:00 INFO    [run=b7b09c5f86ea45f98e3709780f188b72 phase=fetch event=progress.finished] 正在进行获取订阅源  15/15  未匹配 3182
2026-09-15T08:56:40+00:00 INFO    [run=b7b09c5f86ea45f98e3709780f188b72 phase=aggregate event=channels.aggregated] 频道数据聚合完成：170 个频道，1753 个接口（IPv4 1753 / IPv6 0）
2026-09-15T08:56:40+00:00 INFO    [run=b7b09c5f86ea45f98e3709780f188b72 phase=speed_test event=speed_test.planned] 总接口数量: 1622, 需要进行测速的接口数量: 1622
2026-09-15T08:56:40+00:00 INFO    [run=b7b09c5f86ea45f98e3709780f188b72 phase=speed_test event=progress.started] 测速  0/1622
2026-09-15T08:56:41+00:00 INFO    [run=b7b09c5f86ea45f98e3709780f188b72 phase=speed_test event=progress.updated] 测速  1/1622 (0%)  有效 1  失败 0  CCTV-1
2026-09-15T08:57:11+00:00 INFO    [run=b7b09c5f86ea45f98e3709780f188b72 phase=speed_test event=progress.updated] 测速  86/1622 (5%)  有效 59  失败 27  CCTV-7
2026-09-15T08:57:41+00:00 INFO    [run=b7b09c5f86ea45f98e3709780f188b72 phase=speed_test event=progress.updated] 测速  173/1622 (10%)  有效 117  失败 56  CCTV-16
2026-09-15T08:58:11+00:00 INFO    [run=b7b09c5f86ea45f98e3709780f188b72 phase=speed_test event=progress.updated] 测速  262/1622 (16%)  有效 172  失败 90  CCTV风云音乐
2026-09-15T08:58:41+00:00 INFO    [run=b7b09c5f86ea45f98e3709780f188b72 phase=speed_test event=progress.updated] 测速  340/1622 (20%)  有效 221  失败 119  江苏卫视
2026-09-15T08:59:12+00:00 INFO    [run=b7b09c5f86ea45f98e3709780f188b72 phase=speed_test event=progress.updated] 测速  422/1622 (26%)  有效 281  失败 141  甘肃卫视
2026-09-15T08:59:43+00:00 INFO    [run=b7b09c5f86ea45f98e3709780f188b72 phase=speed_test event=progress.updated] 测速  504/1622 (31%)  有效 337  失败 167  湖北卫视
2026-09-15T09:00:13+00:00 INFO    [run=b7b09c5f86ea45f98e3709780f188b72 phase=speed_test event=progress.updated] 测速  594/1622 (36%)  有效 403  失败 191  陕西卫视
2026-09-15T09:00:44+00:00 INFO    [run=b7b09c5f86ea45f98e3709780f188b72 phase=speed_test event=progress.updated] 测速  673/1622 (41%)  有效 451  失败 222  兵团卫视
2026-09-15T09:01:15+00:00 INFO    [run=b7b09c5f86ea45f98e3709780f188b72 phase=speed_test event=progress.updated] 测速  772/1622 (47%)  有效 494  失败 278  TVBS新闻
2026-09-15T09:01:46+00:00 INFO    [run=b7b09c5f86ea45f98e3709780f188b72 phase=speed_test event=progress.updated] 测速  875/1622 (53%)  有效 548  失败 327  广州影视
2026-09-15T09:02:16+00:00 INFO    [run=b7b09c5f86ea45f98e3709780f188b72 phase=speed_test event=progress.updated] 测速  940/1622 (57%)  有效 569  失败 371  优漫卡通
2026-09-15T09:02:37+00:00 INFO    [run=b7b09c5f86ea45f98e3709780f188b72 phase=speed_test event=speed_test.artifacts_written] 测速明细已写入 output/log/speed_test.log，有效结果已写入 output/log/result.log
2026-09-15T09:02:37+00:00 INFO    [run=b7b09c5f86ea45f98e3709780f188b72 phase=speed_test event=progress.finished] 测速  1622/1622  有效 591  失败 406
2026-09-15T09:02:37+00:00 INFO    [run=b7b09c5f86ea45f98e3709780f188b72 phase=output event=output.written] 结果文件生成完成：更新 3 个文件
2026-09-15T09:02:37+00:00 INFO    [run=b7b09c5f86ea45f98e3709780f188b72 phase=statistics event=statistics.finished] 频道统计完成：测试 997，有效 591
2026-09-15T09:02:37+00:00 INFO    [run=b7b09c5f86ea45f98e3709780f188b72 phase=complete event=run.summary] 更新摘要
2026-09-15T09:02:37+00:00 INFO    [run=b7b09c5f86ea45f98e3709780f188b72 phase=complete event=run.finished] 更新完成！总耗时：07:01
2026-09-17T08:52:03+00:00 INFO    [event=application.started] IPTV-API 版本: 3.0.0 (构建时间: 2026-08-07 11:45:59)
2026-09-17T08:52:04+00:00 INFO    [phase=prepare event=network.ipv6.checking] 🛜 正在检查当前网络是否支持IPv6...
2026-09-17T08:52:04+00:00 WARNING [phase=prepare event=network.ipv6.unsupported] 当前网络不支持IPv6，别担心，IPv6的结果会被保存下来
2026-09-17T08:52:04+00:00 INFO    [run=c4430930d8d041988a4bc251b91fff3b phase=prepare event=run.started] 性能模式: auto → balance，可用资源: 4.0 CPU / 15.61 GB，并发: 测速 8、媒体探测 2、源抓取 8
2026-09-17T08:52:04+00:00 INFO    [run=c4430930d8d041988a4bc251b91fff3b phase=prepare event=channels.catalog_loaded] 频道目录已加载：白名单 0，黑名单 3，台标 21
2026-09-17T08:52:04+00:00 INFO    [run=c4430930d8d041988a4bc251b91fff3b phase=fetch event=sources.subscribe.summary] 订阅源数量：15，订阅白名单数量：0，停用地址数量：0，有效总数量：15
2026-09-17T08:52:04+00:00 INFO    [run=c4430930d8d041988a4bc251b91fff3b phase=fetch event=progress.started] 正在进行获取订阅源  0/15
2026-09-17T08:52:04+00:00 INFO    [run=c4430930d8d041988a4bc251b91fff3b phase=fetch event=sources.epg.summary] EPG源数量：1，EPG白名单数量：0，停用地址数量：0，有效总数量：1
2026-09-17T08:52:04+00:00 INFO    [run=c4430930d8d041988a4bc251b91fff3b phase=fetch event=progress.started] 正在进行获取EPG源  0/1
2026-09-17T08:52:05+00:00 INFO    [run=c4430930d8d041988a4bc251b91fff3b phase=fetch event=epg.source_parsed] EPG 源解析完成：http://e.erw.cc/e.xml.gz，保留节目 4968 条
2026-09-17T08:52:05+00:00 INFO    [run=c4430930d8d041988a4bc251b91fff3b phase=fetch event=progress.updated] 正在进行获取EPG源  1/1 (100%)  剩余 0
2026-09-17T08:52:05+00:00 INFO    [run=c4430930d8d041988a4bc251b91fff3b phase=fetch event=sources.epg.finished] EPG源: ✅ 有效地址数量：1，⛔ 停用地址数量：0
2026-09-17T08:52:05+00:00 INFO    [run=c4430930d8d041988a4bc251b91fff3b phase=fetch event=progress.finished] 正在进行获取EPG源  1/1  匹配 124 个频道
2026-09-17T08:52:05+00:00 INFO    [run=c4430930d8d041988a4bc251b91fff3b phase=fetch event=progress.updated] 正在进行获取订阅源  1/15 (6%)  剩余 14
2026-09-17T08:52:05+00:00 WARNING [run=c4430930d8d041988a4bc251b91fff3b phase=fetch event=request.retrying] 🔄 请求https://live.445569.xyz/live.m3u失败，正在进行第1次重试...
2026-09-17T08:52:05+00:00 INFO    [run=c4430930d8d041988a4bc251b91fff3b phase=fetch event=progress.updated] 正在进行获取订阅源  3/15 (20%)  剩余 12
2026-09-17T08:52:05+00:00 INFO    [run=c4430930d8d041988a4bc251b91fff3b phase=fetch event=progress.updated] 正在进行获取订阅源  5/15 (33%)  剩余 10
2026-09-17T08:52:05+00:00 INFO    [run=c4430930d8d041988a4bc251b91fff3b phase=fetch event=progress.updated] 正在进行获取订阅源  7/15 (46%)  剩余 8
2026-09-17T08:52:06+00:00 WARNING [run=c4430930d8d041988a4bc251b91fff3b phase=fetch event=source.request_failed] 订阅源请求失败：❌ 请求https://live.445569.xyz/live.m3u失败，已达到最大重试次数
2026-09-17T08:52:06+00:00 INFO    [run=c4430930d8d041988a4bc251b91fff3b phase=fetch event=progress.updated] 正在进行获取订阅源  9/15 (60%)  剩余 6
2026-09-17T08:52:06+00:00 INFO    [run=c4430930d8d041988a4bc251b91fff3b phase=fetch event=progress.updated] 正在进行获取订阅源  11/15 (73%)  剩余 4
2026-09-17T08:52:06+00:00 INFO    [run=c4430930d8d041988a4bc251b91fff3b phase=fetch event=progress.updated] 正在进行获取订阅源  13/15 (86%)  剩余 2
2026-09-17T08:52:07+00:00 INFO    [run=c4430930d8d041988a4bc251b91fff3b phase=fetch event=progress.updated] 正在进行获取订阅源  15/15 (100%)  剩余 0
2026-09-17T08:52:07+00:00 INFO    [run=c4430930d8d041988a4bc251b91fff3b phase=fetch event=sources.subscribe.finished] 订阅源: ✅ 有效地址数量：15，⛔ 停用地址数量：0
2026-09-17T08:52:07+00:00 INFO    [run=c4430930d8d041988a4bc251b91fff3b phase=fetch event=progress.finished] 正在进行获取订阅源  15/15  未匹配 3204
2026-09-17T08:53:19+00:00 INFO    [run=c4430930d8d041988a4bc251b91fff3b phase=aggregate event=channels.aggregated] 频道数据聚合完成：170 个频道，1751 个接口（IPv4 1751 / IPv6 0）
2026-09-17T08:53:19+00:00 INFO    [run=c4430930d8d041988a4bc251b91fff3b phase=speed_test event=speed_test.planned] 总接口数量: 1625, 需要进行测速的接口数量: 1625
2026-09-17T08:53:19+00:00 INFO    [run=c4430930d8d041988a4bc251b91fff3b phase=speed_test event=progress.started] 测速  0/1625
2026-09-17T08:53:20+00:00 INFO    [run=c4430930d8d041988a4bc251b91fff3b phase=speed_test event=progress.updated] 测速  1/1625 (0%)  有效 1  失败 0  CCTV-1
2026-09-17T08:53:50+00:00 INFO    [run=c4430930d8d041988a4bc251b91fff3b phase=speed_test event=progress.updated] 测速  88/1625 (5%)  有效 61  失败 27  CCTV-8
2026-09-17T08:54:20+00:00 INFO    [run=c4430930d8d041988a4bc251b91fff3b phase=speed_test event=progress.updated] 测速  179/1625 (11%)  有效 124  失败 55  CCTV-17
2026-09-17T08:54:50+00:00 INFO    [run=c4430930d8d041988a4bc251b91fff3b phase=speed_test event=progress.updated] 测速  280/1625 (17%)  有效 181  失败 99  CCTV高尔夫网球
2026-09-17T08:55:21+00:00 INFO    [run=c4430930d8d041988a4bc251b91fff3b phase=speed_test event=progress.updated] 测速  368/1625 (22%)  有效 240  失败 128  深圳卫视
2026-09-17T08:55:51+00:00 INFO    [run=c4430930d8d041988a4bc251b91fff3b phase=speed_test event=progress.updated] 测速  454/1625 (27%)  有效 301  失败 153  海南卫视
2026-09-17T08:56:22+00:00 INFO    [run=c4430930d8d041988a4bc251b91fff3b phase=speed_test event=progress.updated] 测速  559/1625 (34%)  有效 374  失败 185  宁夏卫视
2026-09-17T08:56:52+00:00 INFO    [run=c4430930d8d041988a4bc251b91fff3b phase=speed_test event=progress.updated] 测速  650/1625 (40%)  有效 425  失败 225  天津卫视
2026-09-17T08:57:23+00:00 INFO    [run=c4430930d8d041988a4bc251b91fff3b phase=speed_test event=progress.updated] 测速  751/1625 (46%)  有效 474  失败 277  TVB新闻台
2026-09-17T08:57:53+00:00 INFO    [run=c4430930d8d041988a4bc251b91fff3b phase=speed_test event=progress.updated] 测速  868/1625 (53%)  有效 534  失败 334  广州综合
2026-09-17T08:58:23+00:00 INFO    [run=c4430930d8d041988a4bc251b91fff3b phase=speed_test event=progress.updated] 测速  924/1625 (56%)  有效 552  失败 372  金鹰卡通
2026-09-17T08:58:47+00:00 INFO    [run=c4430930d8d041988a4bc251b91fff3b phase=speed_test event=speed_test.artifacts_written] 测速明细已写入 output/log/speed_test.log，有效结果已写入 output/log/result.log
2026-09-17T08:58:47+00:00 INFO    [run=c4430930d8d041988a4bc251b91fff3b phase=speed_test event=progress.finished] 测速  1625/1625  有效 580  失败 408
2026-09-17T08:58:47+00:00 INFO    [run=c4430930d8d041988a4bc251b91fff3b phase=output event=output.written] 结果文件生成完成：更新 3 个文件
2026-09-17T08:58:47+00:00 INFO    [run=c4430930d8d041988a4bc251b91fff3b phase=statistics event=statistics.finished] 频道统计完成：测试 988，有效 580
2026-09-17T08:58:47+00:00 INFO    [run=c4430930d8d041988a4bc251b91fff3b phase=complete event=run.summary] 更新摘要
2026-09-17T08:58:47+00:00 INFO    [run=c4430930d8d041988a4bc251b91fff3b phase=complete event=run.finished] 更新完成！总耗时：06:42
2026-09-19T08:15:26+00:00 INFO    [event=application.started] IPTV-API 版本: 3.0.0 (构建时间: 2026-08-07 11:45:59)
2026-09-19T08:15:27+00:00 INFO    [phase=prepare event=network.ipv6.checking] 🛜 正在检查当前网络是否支持IPv6...
2026-09-19T08:15:27+00:00 WARNING [phase=prepare event=network.ipv6.unsupported] 当前网络不支持IPv6，别担心，IPv6的结果会被保存下来
2026-09-19T08:15:27+00:00 INFO    [run=b8986c7be9b2434fad90ecbbcbb2d6a4 phase=prepare event=run.started] 性能模式: auto → balance，可用资源: 4.0 CPU / 15.61 GB，并发: 测速 8、媒体探测 2、源抓取 8
2026-09-19T08:15:27+00:00 INFO    [run=b8986c7be9b2434fad90ecbbcbb2d6a4 phase=prepare event=channels.catalog_loaded] 频道目录已加载：白名单 0，黑名单 3，台标 21
2026-09-19T08:15:27+00:00 INFO    [run=b8986c7be9b2434fad90ecbbcbb2d6a4 phase=fetch event=sources.subscribe.summary] 订阅源数量：15，订阅白名单数量：0，停用地址数量：0，有效总数量：15
2026-09-19T08:15:27+00:00 INFO    [run=b8986c7be9b2434fad90ecbbcbb2d6a4 phase=fetch event=progress.started] 正在进行获取订阅源  0/15
2026-09-19T08:15:27+00:00 INFO    [run=b8986c7be9b2434fad90ecbbcbb2d6a4 phase=fetch event=sources.epg.summary] EPG源数量：1，EPG白名单数量：0，停用地址数量：0，有效总数量：1
2026-09-19T08:15:27+00:00 INFO    [run=b8986c7be9b2434fad90ecbbcbb2d6a4 phase=fetch event=progress.started] 正在进行获取EPG源  0/1
2026-09-19T08:15:28+00:00 WARNING [run=b8986c7be9b2434fad90ecbbcbb2d6a4 phase=fetch event=request.retrying] 🔄 请求https://live.445569.xyz/live.m3u失败，正在进行第1次重试...
2026-09-19T08:15:28+00:00 INFO    [run=b8986c7be9b2434fad90ecbbcbb2d6a4 phase=fetch event=progress.updated] 正在进行获取订阅源  1/15 (6%)  剩余 14
2026-09-19T08:15:28+00:00 INFO    [run=b8986c7be9b2434fad90ecbbcbb2d6a4 phase=fetch event=epg.source_parsed] EPG 源解析完成：http://e.erw.cc/e.xml.gz，保留节目 4815 条
2026-09-19T08:15:28+00:00 INFO    [run=b8986c7be9b2434fad90ecbbcbb2d6a4 phase=fetch event=progress.updated] 正在进行获取EPG源  1/1 (100%)  剩余 0
2026-09-19T08:15:28+00:00 INFO    [run=b8986c7be9b2434fad90ecbbcbb2d6a4 phase=fetch event=progress.updated] 正在进行获取订阅源  3/15 (20%)  剩余 12
2026-09-19T08:15:28+00:00 INFO    [run=b8986c7be9b2434fad90ecbbcbb2d6a4 phase=fetch event=progress.updated] 正在进行获取订阅源  5/15 (33%)  剩余 10
2026-09-19T08:15:28+00:00 INFO    [run=b8986c7be9b2434fad90ecbbcbb2d6a4 phase=fetch event=progress.updated] 正在进行获取订阅源  7/15 (46%)  剩余 8
2026-09-19T08:15:28+00:00 INFO    [run=b8986c7be9b2434fad90ecbbcbb2d6a4 phase=fetch event=sources.epg.finished] EPG源: ✅ 有效地址数量：1，⛔ 停用地址数量：0
2026-09-19T08:15:28+00:00 INFO    [run=b8986c7be9b2434fad90ecbbcbb2d6a4 phase=fetch event=progress.finished] 正在进行获取EPG源  1/1  匹配 124 个频道
2026-09-19T08:15:29+00:00 WARNING [run=b8986c7be9b2434fad90ecbbcbb2d6a4 phase=fetch event=source.request_failed] 订阅源请求失败：❌ 请求https://live.445569.xyz/live.m3u失败，已达到最大重试次数
2026-09-19T08:15:29+00:00 INFO    [run=b8986c7be9b2434fad90ecbbcbb2d6a4 phase=fetch event=progress.updated] 正在进行获取订阅源  9/15 (60%)  剩余 6
2026-09-19T08:15:29+00:00 INFO    [run=b8986c7be9b2434fad90ecbbcbb2d6a4 phase=fetch event=progress.updated] 正在进行获取订阅源  11/15 (73%)  剩余 4
2026-09-19T08:15:29+00:00 INFO    [run=b8986c7be9b2434fad90ecbbcbb2d6a4 phase=fetch event=progress.updated] 正在进行获取订阅源  13/15 (86%)  剩余 2
2026-09-19T08:15:29+00:00 INFO    [run=b8986c7be9b2434fad90ecbbcbb2d6a4 phase=fetch event=progress.updated] 正在进行获取订阅源  15/15 (100%)  剩余 0
2026-09-19T08:15:30+00:00 INFO    [run=b8986c7be9b2434fad90ecbbcbb2d6a4 phase=fetch event=sources.subscribe.finished] 订阅源: ✅ 有效地址数量：15，⛔ 停用地址数量：0
2026-09-19T08:15:30+00:00 INFO    [run=b8986c7be9b2434fad90ecbbcbb2d6a4 phase=fetch event=progress.finished] 正在进行获取订阅源  15/15  未匹配 3132
2026-09-19T08:16:25+00:00 INFO    [run=b8986c7be9b2434fad90ecbbcbb2d6a4 phase=aggregate event=channels.aggregated] 频道数据聚合完成：170 个频道，1733 个接口（IPv4 1733 / IPv6 0）
2026-09-19T08:16:25+00:00 INFO    [run=b8986c7be9b2434fad90ecbbcbb2d6a4 phase=speed_test event=speed_test.planned] 总接口数量: 1606, 需要进行测速的接口数量: 1606
2026-09-19T08:16:25+00:00 INFO    [run=b8986c7be9b2434fad90ecbbcbb2d6a4 phase=speed_test event=progress.started] 测速  0/1606
2026-09-19T08:16:26+00:00 INFO    [run=b8986c7be9b2434fad90ecbbcbb2d6a4 phase=speed_test event=progress.updated] 测速  1/1606 (0%)  有效 1  失败 0  CCTV-1
2026-09-19T08:16:57+00:00 INFO    [run=b8986c7be9b2434fad90ecbbcbb2d6a4 phase=speed_test event=progress.updated] 测速  96/1606 (5%)  有效 60  失败 36  CCTV-8
2026-09-19T08:17:27+00:00 INFO    [run=b8986c7be9b2434fad90ecbbcbb2d6a4 phase=speed_test event=progress.updated] 测速  195/1606 (12%)  有效 121  失败 74  CCTV-17
2026-09-19T08:17:57+00:00 INFO    [run=b8986c7be9b2434fad90ecbbcbb2d6a4 phase=speed_test event=progress.updated] 测速  283/1606 (17%)  有效 177  失败 106  CCTV文化精品
2026-09-19T08:18:28+00:00 INFO    [run=b8986c7be9b2434fad90ecbbcbb2d6a4 phase=speed_test event=progress.updated] 测速  348/1606 (21%)  有效 203  失败 145  东方卫视
2026-09-19T08:18:58+00:00 INFO    [run=b8986c7be9b2434fad90ecbbcbb2d6a4 phase=speed_test event=progress.updated] 测速  430/1606 (26%)  有效 265  失败 165  甘肃卫视
2026-09-19T08:19:28+00:00 INFO    [run=b8986c7be9b2434fad90ecbbcbb2d6a4 phase=speed_test event=progress.updated] 测速  510/1606 (31%)  有效 321  失败 189  湖北卫视
2026-09-19T08:19:58+00:00 INFO    [run=b8986c7be9b2434fad90ecbbcbb2d6a4 phase=speed_test event=progress.updated] 测速  586/1606 (36%)  有效 367  失败 219  青海卫视
2026-09-19T08:20:29+00:00 INFO    [run=b8986c7be9b2434fad90ecbbcbb2d6a4 phase=speed_test event=progress.updated] 测速  656/1606 (40%)  有效 401  失败 255  天津卫视
2026-09-19T08:20:59+00:00 INFO    [run=b8986c7be9b2434fad90ecbbcbb2d6a4 phase=speed_test event=progress.updated] 测速  745/1606 (46%)  有效 446  失败 299  凤凰香港台
2026-09-19T08:21:29+00:00 INFO    [run=b8986c7be9b2434fad90ecbbcbb2d6a4 phase=speed_test event=progress.updated] 测速  864/1606 (53%)  有效 494  失败 370  广东体育
2026-09-19T08:21:59+00:00 INFO    [run=b8986c7be9b2434fad90ecbbcbb2d6a4 phase=speed_test event=progress.updated] 测速  922/1606 (57%)  有效 525  失败 397  广州竞赛
2026-09-19T08:22:29+00:00 INFO    [run=b8986c7be9b2434fad90ecbbcbb2d6a4 phase=speed_test event=progress.updated] 测速  983/1606 (61%)  有效 546  失败 437  卡酷少儿
2026-09-19T08:22:39+00:00 INFO    [run=b8986c7be9b2434fad90ecbbcbb2d6a4 phase=speed_test event=speed_test.artifacts_written] 测速明细已写入 output/log/speed_test.log，有效结果已写入 output/log/result.log
2026-09-19T08:22:39+00:00 INFO    [run=b8986c7be9b2434fad90ecbbcbb2d6a4 phase=speed_test event=progress.finished] 测速  1606/1606  有效 555  失败 454
2026-09-19T08:22:39+00:00 INFO    [run=b8986c7be9b2434fad90ecbbcbb2d6a4 phase=output event=output.written] 结果文件生成完成：更新 3 个文件
2026-09-19T08:22:39+00:00 INFO    [run=b8986c7be9b2434fad90ecbbcbb2d6a4 phase=statistics event=statistics.finished] 频道统计完成：测试 1009，有效 555
2026-09-19T08:22:39+00:00 INFO    [run=b8986c7be9b2434fad90ecbbcbb2d6a4 phase=complete event=run.summary] 更新摘要
2026-09-19T08:22:39+00:00 INFO    [run=b8986c7be9b2434fad90ecbbcbb2d6a4 phase=complete event=run.finished] 更新完成！总耗时：07:12
