分类: 🏛️央视频道, 名称: CCTV-1, 有效: 7, IPv4: 16, IPv6: 0, 最小延迟: 87 ms, 最高速率: 1.23 MiB/s, 平均速率: 0.49 MiB/s, 最高分辨率: 1920x1080, 平均帧率: 未知, 视频编解码器: 未知, 音频编解码器: 未知
分类: 🏛️央视频道, 名称: CCTV-2, 有效: 7, IPv4: 11, IPv6: 0, 最小延迟: 59 ms, 最高速率: 19.12 MiB/s, 平均速率: 5.80 MiB/s, 最高分辨率: 1280x720, 平均帧率: 未知, 视频编解码器: 未知, 音频编解码器: 未知
分类: 🏛️央视频道, 名称: CCTV-3, 有效: 6, IPv4: 10, IPv6: 0, 最小延迟: 58 ms, 最高速率: 7.96 MiB/s, 平均速率: 2.72 MiB/s, 最高分辨率: 1920x1080, 平均帧率: 未知, 视频编解码器: 未知, 音频编解码器: 未知
分类: 🏛️央视频道, 名称: CCTV-4, 有效: 7, IPv4: 12, IPv6: 0, 最小延迟: 87 ms, 最高速率: 4.59 MiB/s, 平均速率: 0.81 MiB/s, 最高分辨率: 1920x1080, 平均帧率: 未知, 视频编解码器: 未知, 音频编解码器: 未知
分类: 🏛️央视频道, 名称: CCTV-5, 有效: 9, IPv4: 13, IPv6: 0, 最小延迟: 89 ms, 最高速率: 1.12 MiB/s, 平均速率: 0.20 MiB/s, 最高分辨率: 1920x1080, 平均帧率: 未知, 视频编解码器: 未知, 音频编解码器: 未知
分类: 🏛️央视频道, 名称: CCTV-5+, 有效: 10, IPv4: 13, IPv6: 0, 最小延迟: 91 ms, 最高速率: 3.56 MiB/s, 平均速率: 0.45 MiB/s, 最高分辨率: 1920x1080, 平均帧率: 未知, 视频编解码器: 未知, 音频编解码器: 未知
分类: 🏛️央视频道, 名称: CCTV-6, 有效: 5, IPv4: 14, IPv6: 0, 最小延迟: 96 ms, 最高速率: 0.22 MiB/s, 平均速率: 0.14 MiB/s, 最高分辨率: 1920x1080, 平均帧率: 未知, 视频编解码器: 未知, 音频编解码器: 未知
分类: 🏛️央视频道, 名称: CCTV-7, 有效: 5, IPv4: 10, IPv6: 0, 最小延迟: 59 ms, 最高速率: 3.04 MiB/s, 平均速率: 1.07 MiB/s, 最高分辨率: 1920x1080, 平均帧率: 未知, 视频编解码器: 未知, 音频编解码器: 未知
分类: 🏛️央视频道, 名称: CCTV-8, 有效: 6, IPv4: 12, IPv6: 0, 最小延迟: 59 ms, 最高速率: 4.53 MiB/s, 平均速率: 0.89 MiB/s, 最高分辨率: 1920x1080, 平均帧率: 未知, 视频编解码器: 未知, 音频编解码器: 未知
分类: 🏛️央视频道, 名称: CCTV-9, 有效: 7, IPv4: 12, IPv6: 0, 最小延迟: 57 ms, 最高速率: 7.05 MiB/s, 平均速率: 1.41 MiB/s, 最高分辨率: 1920x1080, 平均帧率: 未知, 视频编解码器: 未知, 音频编解码器: 未知
分类: 🏛️央视频道, 名称: CCTV-10, 有效: 5, IPv4: 15, IPv6: 0, 最小延迟: 86 ms, 最高速率: 4.04 MiB/s, 平均速率: 1.66 MiB/s, 最高分辨率: 1920x1080, 平均帧率: 未知, 视频编解码器: 未知, 音频编解码器: 未知
分类: 🏛️央视频道, 名称: CCTV-11, 有效: 7, IPv4: 10, IPv6: 0, 最小延迟: 59 ms, 最高速率: 10.11 MiB/s, 平均速率: 1.77 MiB/s, 最高分辨率: 1920x1080, 平均帧率: 未知, 视频编解码器: 未知, 音频编解码器: 未知
分类: 🏛️央视频道, 名称: CCTV-12, 有效: 8, IPv4: 10, IPv6: 0, 最小延迟: 59 ms, 最高速率: 5.00 MiB/s, 平均速率: 1.23 MiB/s, 最高分辨率: 1920x1080, 平均帧率: 未知, 视频编解码器: 未知, 音频编解码器: 未知
分类: 🏛️央视频道, 名称: CCTV-13, 有效: 6, IPv4: 17, IPv6: 0, 最小延迟: 89 ms, 最高速率: 1.41 MiB/s, 平均速率: 0.39 MiB/s, 最高分辨率: 1920x1080, 平均帧率: 25.0, 视频编解码器: h264, 音频编解码器: aac
分类: 🏛️央视频道, 名称: CCTV-14, 有效: 6, IPv4: 12, IPv6: 0, 最小延迟: 58 ms, 最高速率: 5.67 MiB/s, 平均速率: 1.54 MiB/s, 最高分辨率: 1280x720, 平均帧率: 未知, 视频编解码器: 未知, 音频编解码器: 未知
分类: 🏛️央视频道, 名称: CCTV-15, 有效: 7, IPv4: 10, IPv6: 0, 最小延迟: 58 ms, 最高速率: 9.77 MiB/s, 平均速率: 3.06 MiB/s, 最高分辨率: 1280x720, 平均帧率: 未知, 视频编解码器: 未知, 音频编解码器: 未知
分类: 🏛️央视频道, 名称: CCTV-16, 有效: 7, IPv4: 12, IPv6: 0, 最小延迟: 60 ms, 最高速率: 3.82 MiB/s, 平均速率: 1.08 MiB/s, 最高分辨率: 1920x1080, 平均帧率: 未知, 视频编解码器: 未知, 音频编解码器: 未知
分类: 🏛️央视频道, 名称: CCTV-17, 有效: 8, IPv4: 11, IPv6: 0, 最小延迟: 57 ms, 最高速率: 9.44 MiB/s, 平均速率: 2.66 MiB/s, 最高分辨率: 1920x1080, 平均帧率: 未知, 视频编解码器: 未知, 音频编解码器: 未知
分类: 🏛️央视频道, 名称: CETV-1, 有效: 5, IPv4: 11, IPv6: 0, 最小延迟: 73 ms, 最高速率: 5.48 MiB/s, 平均速率: 3.19 MiB/s, 最高分辨率: 1920x1080, 平均帧率: 未知, 视频编解码器: 未知, 音频编解码器: 未知
分类: 🏛️央视频道, 名称: CETV-2, 有效: 4, IPv4: 15, IPv6: 0, 最小延迟: 61 ms, 最高速率: 1.75 MiB/s, 平均速率: 0.54 MiB/s, 最高分辨率: 720x576, 平均帧率: 未知, 视频编解码器: 未知, 音频编解码器: 未知
分类: 🏛️央视频道, 名称: CETV-3, 有效: 2, IPv4: 2, IPv6: 0, 最小延迟: 86 ms, 最高速率: 3.59 MiB/s, 平均速率: 1.97 MiB/s, 最高分辨率: 720x576, 平均帧率: 未知, 视频编解码器: 未知, 音频编解码器: 未知
分类: 🏛️央视频道, 名称: CETV-4, 有效: 3, IPv4: 12, IPv6: 0, 最小延迟: 87 ms, 最高速率: 1.43 MiB/s, 平均速率: 0.62 MiB/s, 最高分辨率: 1920x1080, 平均帧率: 未知, 视频编解码器: 未知, 音频编解码器: 未知
分类: 💎央视付费与数字, 名称: CCTV风云剧场, 有效: 3, IPv4: 4, IPv6: 0, 最小延迟: 58 ms, 最高速率: 1.21 MiB/s, 平均速率: 0.95 MiB/s, 最高分辨率: 1920x1080, 平均帧率: 未知, 视频编解码器: 未知, 音频编解码器: 未知
分类: 💎央视付费与数字, 名称: CCTV怀旧剧场, 有效: 3, IPv4: 3, IPv6: 0, 最小延迟: 61 ms, 最高速率: 2.18 MiB/s, 平均速率: 0.79 MiB/s, 最高分辨率: 1920x1080, 平均帧率: 未知, 视频编解码器: 未知, 音频编解码器: 未知
分类: 💎央视付费与数字, 名称: CCTV第一剧场, 有效: 3, IPv4: 4, IPv6: 0, 最小延迟: 85 ms, 最高速率: 5.64 MiB/s, 平均速率: 2.57 MiB/s, 最高分辨率: 1920x1080, 平均帧率: 未知, 视频编解码器: 未知, 音频编解码器: 未知
分类: 💎央视付费与数字, 名称: CCTV风云音乐, 有效: 3, IPv4: 5, IPv6: 0, 最小延迟: 87 ms, 最高速率: 4.68 MiB/s, 平均速率: 2.11 MiB/s, 最高分辨率: 1920x1080, 平均帧率: 未知, 视频编解码器: 未知, 音频编解码器: 未知
分类: 💎央视付费与数字, 名称: CCTV风云足球, 有效: 3, IPv4: 4, IPv6: 0, 最小延迟: 58 ms, 最高速率: 4.76 MiB/s, 平均速率: 2.82 MiB/s, 最高分辨率: 1920x1080, 平均帧率: 未知, 视频编解码器: 未知, 音频编解码器: 未知
分类: 💎央视付费与数字, 名称: CCTV高尔夫网球, 有效: 2, IPv4: 4, IPv6: 0, 最小延迟: 97 ms, 最高速率: 0.25 MiB/s, 平均速率: 0.24 MiB/s, 最高分辨率: 1920x1080, 平均帧率: 未知, 视频编解码器: 未知, 音频编解码器: 未知
分类: 💎央视付费与数字, 名称: CCTV兵器科技, 有效: 3, IPv4: 4, IPv6: 0, 最小延迟: 87 ms, 最高速率: 7.83 MiB/s, 平均速率: 2.85 MiB/s, 最高分辨率: 1920x1080, 平均帧率: 未知, 视频编解码器: 未知, 音频编解码器: 未知
分类: 💎央视付费与数字, 名称: CCTV世界地理, 有效: 2, IPv4: 3, IPv6: 0, 最小延迟: 89 ms, 最高速率: 5.28 MiB/s, 平均速率: 5.18 MiB/s, 最高分辨率: 1920x1080, 平均帧率: 未知, 视频编解码器: 未知, 音频编解码器: 未知
分类: 💎央视付费与数字, 名称: CCTV文化精品, 有效: 2, IPv4: 3, IPv6: 0, 最小延迟: 97 ms, 最高速率: 0.12 MiB/s, 平均速率: 0.09 MiB/s, 最高分辨率: 1920x1080, 平均帧率: 未知, 视频编解码器: 未知, 音频编解码器: 未知
分类: 💎央视付费与数字, 名称: CCTV央视台球, 有效: 5, IPv4: 5, IPv6: 0, 最小延迟: 86 ms, 最高速率: 4.83 MiB/s, 平均速率: 1.20 MiB/s, 最高分辨率: 1920x1080, 平均帧率: 未知, 视频编解码器: 未知, 音频编解码器: 未知
分类: 💎央视付费与数字, 名称: CCTV卫生健康, 有效: 1, IPv4: 1, IPv6: 0, 最小延迟: 91 ms, 最高速率: 0.51 MiB/s, 平均速率: 0.51 MiB/s, 最高分辨率: 1920x1080, 平均帧率: 未知, 视频编解码器: 未知, 音频编解码器: 未知
分类: 🌟4K/8K超高清, 名称: CCTV-4K, 有效: 4, IPv4: 21, IPv6: 0, 最小延迟: 99 ms, 最高速率: 0.60 MiB/s, 平均速率: 0.43 MiB/s, 最高分辨率: 3840x2160, 平均帧率: 25.0, 视频编解码器: hevc, 音频编解码器: ac3
分类: 🌟4K/8K超高清, 名称: CCTV-8K, 有效: 2, IPv4: 6, IPv6: 0, 最小延迟: 88 ms, 最高速率: 0.53 MiB/s, 平均速率: 0.46 MiB/s, 最高分辨率: 1920x1080, 平均帧率: 未知, 视频编解码器: 未知, 音频编解码器: 未知
分类: 🌟4K/8K超高清, 名称: 广东综艺4K, 有效: 0, IPv4: 8, IPv6: 0, 最小延迟: — ms, 最高速率: 0.00 MiB/s, 平均速率: 0.00 MiB/s, 最高分辨率: —, 平均帧率: 未知, 视频编解码器: 未知, 音频编解码器: 未知
分类: 🌟4K/8K超高清, 名称: 欢笑剧场4K, 有效: 1, IPv4: 2, IPv6: 0, 最小延迟: 89 ms, 最高速率: 4.56 MiB/s, 平均速率: 4.56 MiB/s, 最高分辨率: 1280x720, 平均帧率: 未知, 视频编解码器: 未知, 音频编解码器: 未知
分类: 🌟4K/8K超高清, 名称: 求索纪录4K, 有效: 0, IPv4: 2, IPv6: 0, 最小延迟: — ms, 最高速率: 0.00 MiB/s, 平均速率: 0.00 MiB/s, 最高分辨率: —, 平均帧率: 未知, 视频编解码器: 未知, 音频编解码器: 未知
分类: 📡卫视频道, 名称: 湖南卫视, 有效: 7, IPv4: 7, IPv6: 0, 最小延迟: 66 ms, 最高速率: 10.40 MiB/s, 平均速率: 3.22 MiB/s, 最高分辨率: 3840x2160, 平均帧率: 未知, 视频编解码器: 未知, 音频编解码器: 未知
分类: 📡卫视频道, 名称: 东方卫视, 有效: 7, IPv4: 12, IPv6: 0, 最小延迟: 81 ms, 最高速率: 7.00 MiB/s, 平均速率: 2.24 MiB/s, 最高分辨率: 1920x1080, 平均帧率: 25.0, 视频编解码器: h264, 音频编解码器: aac
分类: 📡卫视频道, 名称: 浙江卫视, 有效: 12, IPv4: 15, IPv6: 0, 最小延迟: 59 ms, 最高速率: 10.49 MiB/s, 平均速率: 2.58 MiB/s, 最高分辨率: 3840x2160, 平均帧率: 28.57, 视频编解码器: h264, 音频编解码器: aac
分类: 📡卫视频道, 名称: 江苏卫视, 有效: 9, IPv4: 9, IPv6: 0, 最小延迟: 60 ms, 最高速率: 6.38 MiB/s, 平均速率: 2.89 MiB/s, 最高分辨率: 1920x1080, 平均帧率: 未知, 视频编解码器: 未知, 音频编解码器: 未知
分类: 📡卫视频道, 名称: 北京卫视, 有效: 8, IPv4: 14, IPv6: 0, 最小延迟: 57 ms, 最高速率: 3.81 MiB/s, 平均速率: 1.14 MiB/s, 最高分辨率: 1920x1080, 平均帧率: 未知, 视频编解码器: 未知, 音频编解码器: 未知
分类: 📡卫视频道, 名称: 广东卫视, 有效: 7, IPv4: 12, IPv6: 0, 最小延迟: 33 ms, 最高速率: 26.35 MiB/s, 平均速率: 5.35 MiB/s, 最高分辨率: 1920x1080, 平均帧率: 未知, 视频编解码器: 未知, 音频编解码器: 未知
分类: 📡卫视频道, 名称: 深圳卫视, 有效: 8, IPv4: 10, IPv6: 0, 最小延迟: 52 ms, 最高速率: 6.46 MiB/s, 平均速率: 1.92 MiB/s, 最高分辨率: 1920x1080, 平均帧率: 未知, 视频编解码器: 未知, 音频编解码器: 未知
分类: 📡卫视频道, 名称: 安徽卫视, 有效: 9, IPv4: 11, IPv6: 0, 最小延迟: 58 ms, 最高速率: 23.50 MiB/s, 平均速率: 5.78 MiB/s, 最高分辨率: 1920x1080, 平均帧率: 未知, 视频编解码器: 未知, 音频编解码器: 未知
分类: 📡卫视频道, 名称: 重庆卫视, 有效: 7, IPv4: 12, IPv6: 0, 最小延迟: 59 ms, 最高速率: 6.86 MiB/s, 平均速率: 2.43 MiB/s, 最高分辨率: 1920x1080, 平均帧率: 未知, 视频编解码器: 未知, 音频编解码器: 未知
分类: 📡卫视频道, 名称: 东南卫视, 有效: 8, IPv4: 10, IPv6: 0, 最小延迟: 91 ms, 最高速率: 1.34 MiB/s, 平均速率: 0.56 MiB/s, 最高分辨率: 1920x1080, 平均帧率: 未知, 视频编解码器: 未知, 音频编解码器: 未知
分类: 📡卫视频道, 名称: 甘肃卫视, 有效: 7, IPv4: 12, IPv6: 0, 最小延迟: 60 ms, 最高速率: 5.41 MiB/s, 平均速率: 3.85 MiB/s, 最高分辨率: 1920x1080, 平均帧率: 未知, 视频编解码器: 未知, 音频编解码器: 未知
分类: 📡卫视频道, 名称: 广西卫视, 有效: 7, IPv4: 11, IPv6: 0, 最小延迟: 62 ms, 最高速率: 2.33 MiB/s, 平均速率: 0.86 MiB/s, 最高分辨率: 1920x1080, 平均帧率: 未知, 视频编解码器: 未知, 音频编解码器: 未知
分类: 📡卫视频道, 名称: 贵州卫视, 有效: 8, IPv4: 8, IPv6: 0, 最小延迟: 60 ms, 最高速率: 20.34 MiB/s, 平均速率: 5.03 MiB/s, 最高分辨率: 1920x1080, 平均帧率: 未知, 视频编解码器: 未知, 音频编解码器: 未知
分类: 📡卫视频道, 名称: 海南卫视, 有效: 6, IPv4: 17, IPv6: 0, 最小延迟: 91 ms, 最高速率: 0.90 MiB/s, 平均速率: 0.48 MiB/s, 最高分辨率: 1920x1080, 平均帧率: 50.0, 视频编解码器: h264, 音频编解码器: ac3
分类: 📡卫视频道, 名称: 河北卫视, 有效: 8, IPv4: 11, IPv6: 0, 最小延迟: 87 ms, 最高速率: 2.67 MiB/s, 平均速率: 0.58 MiB/s, 最高分辨率: 1920x1080, 平均帧率: 未知, 视频编解码器: 未知, 音频编解码器: 未知
分类: 📡卫视频道, 名称: 河南卫视, 有效: 8, IPv4: 12, IPv6: 0, 最小延迟: 59 ms, 最高速率: 2.35 MiB/s, 平均速率: 0.81 MiB/s, 最高分辨率: 1920x1080, 平均帧率: 未知, 视频编解码器: 未知, 音频编解码器: 未知
分类: 📡卫视频道, 名称: 黑龙江卫视, 有效: 9, IPv4: 13, IPv6: 0, 最小延迟: 59 ms, 最高速率: 3.64 MiB/s, 平均速率: 0.78 MiB/s, 最高分辨率: 1920x1080, 平均帧率: 未知, 视频编解码器: 未知, 音频编解码器: 未知
分类: 📡卫视频道, 名称: 湖北卫视, 有效: 8, IPv4: 12, IPv6: 0, 最小延迟: 88 ms, 最高速率: 2.02 MiB/s, 平均速率: 0.55 MiB/s, 最高分辨率: 1920x1080, 平均帧率: 未知, 视频编解码器: 未知, 音频编解码器: 未知
分类: 📡卫视频道, 名称: 吉林卫视, 有效: 7, IPv4: 12, IPv6: 0, 最小延迟: 59 ms, 最高速率: 6.73 MiB/s, 平均速率: 1.85 MiB/s, 最高分辨率: 1920x1080, 平均帧率: 未知, 视频编解码器: 未知, 音频编解码器: 未知
分类: 📡卫视频道, 名称: 江西卫视, 有效: 7, IPv4: 13, IPv6: 0, 最小延迟: 59 ms, 最高速率: 2.65 MiB/s, 平均速率: 1.40 MiB/s, 最高分辨率: 1920x1080, 平均帧率: 未知, 视频编解码器: 未知, 音频编解码器: 未知
分类: 📡卫视频道, 名称: 辽宁卫视, 有效: 8, IPv4: 12, IPv6: 0, 最小延迟: 60 ms, 最高速率: 22.66 MiB/s, 平均速率: 7.64 MiB/s, 最高分辨率: 1920x1080, 平均帧率: 未知, 视频编解码器: 未知, 音频编解码器: 未知
分类: 📡卫视频道, 名称: 内蒙古卫视, 有效: 7, IPv4: 12, IPv6: 0, 最小延迟: 87 ms, 最高速率: 5.22 MiB/s, 平均速率: 1.67 MiB/s, 最高分辨率: 1920x1080, 平均帧率: 25.0, 视频编解码器: mpeg2video, 音频编解码器: mp2
分类: 📡卫视频道, 名称: 宁夏卫视, 有效: 6, IPv4: 16, IPv6: 0, 最小延迟: 60 ms, 最高速率: 1.17 MiB/s, 平均速率: 0.42 MiB/s, 最高分辨率: 1920x1080, 平均帧率: 25.0, 视频编解码器: mpeg2video, 音频编解码器: mp2
分类: 📡卫视频道, 名称: 青海卫视, 有效: 5, IPv4: 18, IPv6: 0, 最小延迟: 86 ms, 最高速率: 4.67 MiB/s, 平均速率: 1.19 MiB/s, 最高分辨率: 1920x1080, 平均帧率: 25.0, 视频编解码器: h264, 音频编解码器: aac
分类: 📡卫视频道, 名称: 山东卫视, 有效: 8, IPv4: 8, IPv6: 0, 最小延迟: 60 ms, 最高速率: 3.27 MiB/s, 平均速率: 1.36 MiB/s, 最高分辨率: 1920x1080, 平均帧率: 未知, 视频编解码器: 未知, 音频编解码器: 未知
分类: 📡卫视频道, 名称: 山西卫视, 有效: 4, IPv4: 8, IPv6: 0, 最小延迟: 88 ms, 最高速率: 0.49 MiB/s, 平均速率: 0.26 MiB/s, 最高分辨率: 1920x1080, 平均帧率: 未知, 视频编解码器: 未知, 音频编解码器: 未知
分类: 📡卫视频道, 名称: 陕西卫视, 有效: 2, IPv4: 7, IPv6: 0, 最小延迟: 87 ms, 最高速率: 4.21 MiB/s, 平均速率: 3.77 MiB/s, 最高分辨率: 1920x1080, 平均帧率: 未知, 视频编解码器: 未知, 音频编解码器: 未知
分类: 📡卫视频道, 名称: 四川卫视, 有效: 7, IPv4: 10, IPv6: 0, 最小延迟: 60 ms, 最高速率: 9.61 MiB/s, 平均速率: 1.97 MiB/s, 最高分辨率: 1920x1080, 平均帧率: 未知, 视频编解码器: 未知, 音频编解码器: 未知
分类: 📡卫视频道, 名称: 天津卫视, 有效: 7, IPv4: 11, IPv6: 0, 最小延迟: 60 ms, 最高速率: 1.86 MiB/s, 平均速率: 0.55 MiB/s, 最高分辨率: 1920x1080, 平均帧率: 未知, 视频编解码器: 未知, 音频编解码器: 未知
分类: 📡卫视频道, 名称: 西藏卫视, 有效: 5, IPv4: 12, IPv6: 0, 最小延迟: 81 ms, 最高速率: 2.46 MiB/s, 平均速率: 1.56 MiB/s, 最高分辨率: 1920x1080, 平均帧率: 未知, 视频编解码器: 未知, 音频编解码器: 未知
分类: 📡卫视频道, 名称: 新疆卫视, 有效: 8, IPv4: 18, IPv6: 0, 最小延迟: 57 ms, 最高速率: 20.25 MiB/s, 平均速率: 3.31 MiB/s, 最高分辨率: 1920x1080, 平均帧率: 25.0, 视频编解码器: h264, 音频编解码器: aac
分类: 📡卫视频道, 名称: 云南卫视, 有效: 6, IPv4: 10, IPv6: 0, 最小延迟: 59 ms, 最高速率: 12.87 MiB/s, 平均速率: 4.94 MiB/s, 最高分辨率: 1920x1080, 平均帧率: 未知, 视频编解码器: 未知, 音频编解码器: 未知
分类: 📡卫视频道, 名称: 三沙卫视, 有效: 7, IPv4: 12, IPv6: 0, 最小延迟: 59 ms, 最高速率: 19.28 MiB/s, 平均速率: 3.82 MiB/s, 最高分辨率: 1280x720, 平均帧率: 未知, 视频编解码器: 未知, 音频编解码器: 未知
分类: 📡卫视频道, 名称: 兵团卫视, 有效: 6, IPv4: 14, IPv6: 0, 最小延迟: 60 ms, 最高速率: 6.54 MiB/s, 平均速率: 1.32 MiB/s, 最高分辨率: 1920x1080, 平均帧率: 未知, 视频编解码器: 未知, 音频编解码器: 未知
分类: 🌏凤凰/港澳台, 名称: 翡翠台, 有效: 1, IPv4: 8, IPv6: 0, 最小延迟: 255 ms, 最高速率: 0.17 MiB/s, 平均速率: 0.17 MiB/s, 最高分辨率: 720x576, 平均帧率: 未知, 视频编解码器: 未知, 音频编解码器: 未知
分类: 🌏凤凰/港澳台, 名称: 明珠台, 有效: 2, IPv4: 11, IPv6: 0, 最小延迟: 165 ms, 最高速率: 0.27 MiB/s, 平均速率: 0.25 MiB/s, 最高分辨率: 1920x1080, 平均帧率: 未知, 视频编解码器: 未知, 音频编解码器: 未知
分类: 🌏凤凰/港澳台, 名称: 凤凰中文台, 有效: 6, IPv4: 10, IPv6: 0, 最小延迟: 94 ms, 最高速率: 0.91 MiB/s, 平均速率: 0.28 MiB/s, 最高分辨率: 1920x1080, 平均帧率: 未知, 视频编解码器: 未知, 音频编解码器: 未知
分类: 🌏凤凰/港澳台, 名称: 凤凰资讯台, 有效: 4, IPv4: 16, IPv6: 0, 最小延迟: 93 ms, 最高速率: 0.27 MiB/s, 平均速率: 0.18 MiB/s, 最高分辨率: 1920x1080, 平均帧率: 未知, 视频编解码器: 未知, 音频编解码器: 未知
分类: 🌏凤凰/港澳台, 名称: 凤凰香港台, 有效: 4, IPv4: 14, IPv6: 0, 最小延迟: 92 ms, 最高速率: 0.21 MiB/s, 平均速率: 0.09 MiB/s, 最高分辨率: 1280x720, 平均帧率: 未知, 视频编解码器: 未知, 音频编解码器: 未知
分类: 🌏凤凰/港澳台, 名称: TVB新闻台, 有效: 6, IPv4: 15, IPv6: 0, 最小延迟: 94 ms, 最高速率: 4.45 MiB/s, 平均速率: 0.94 MiB/s, 最高分辨率: 1920x1080, 平均帧率: 60.0, 视频编解码器: h264, 音频编解码器: aac
分类: 🌏凤凰/港澳台, 名称: 星空卫视, 有效: 0, IPv4: 2, IPv6: 0, 最小延迟: — ms, 最高速率: 0.00 MiB/s, 平均速率: 0.00 MiB/s, 最高分辨率: —, 平均帧率: 未知, 视频编解码器: 未知, 音频编解码器: 未知
分类: 🌏凤凰/港澳台, 名称: TVBS新闻, 有效: 4, IPv4: 8, IPv6: 0, 最小延迟: 49 ms, 最高速率: 2.22 MiB/s, 平均速率: 0.65 MiB/s, 最高分辨率: 1920x1080, 平均帧率: 未知, 视频编解码器: 未知, 音频编解码器: 未知
分类: 🌏凤凰/港澳台, 名称: 中天新闻, 有效: 3, IPv4: 7, IPv6: 0, 最小延迟: 227 ms, 最高速率: 0.55 MiB/s, 平均速率: 0.36 MiB/s, 最高分辨率: 1920x1080, 平均帧率: 未知, 视频编解码器: 未知, 音频编解码器: 未知
分类: 🌏凤凰/港澳台, 名称: 东森新闻, 有效: 1, IPv4: 2, IPv6: 0, 最小延迟: 273 ms, 最高速率: 0.26 MiB/s, 平均速率: 0.26 MiB/s, 最高分辨率: 1920x1080, 平均帧率: 未知, 视频编解码器: 未知, 音频编解码器: 未知
分类: 🌏凤凰/港澳台, 名称: 非凡新闻, 有效: 0, IPv4: 1, IPv6: 0, 最小延迟: — ms, 最高速率: 0.00 MiB/s, 平均速率: 0.00 MiB/s, 最高分辨率: —, 平均帧率: 未知, 视频编解码器: 未知, 音频编解码器: 未知
分类: 🌏凤凰/港澳台, 名称: 台视, 有效: 1, IPv4: 3, IPv6: 0, 最小延迟: 276 ms, 最高速率: 0.27 MiB/s, 平均速率: 0.27 MiB/s, 最高分辨率: 1280x720, 平均帧率: 未知, 视频编解码器: 未知, 音频编解码器: 未知
分类: 🌏凤凰/港澳台, 名称: 民视, 有效: 1, IPv4: 2, IPv6: 0, 最小延迟: 275 ms, 最高速率: 0.28 MiB/s, 平均速率: 0.28 MiB/s, 最高分辨率: 1920x1080, 平均帧率: 未知, 视频编解码器: 未知, 音频编解码器: 未知
分类: 🌏凤凰/港澳台, 名称: 中视, 有效: 3, IPv4: 12, IPv6: 0, 最小延迟: 164 ms, 最高速率: 0.90 MiB/s, 平均速率: 0.45 MiB/s, 最高分辨率: 1920x1080, 平均帧率: 未知, 视频编解码器: 未知, 音频编解码器: 未知
分类: 🌏凤凰/港澳台, 名称: 华视, 有效: 2, IPv4: 12, IPv6: 0, 最小延迟: 161 ms, 最高速率: 0.53 MiB/s, 平均速率: 0.39 MiB/s, 最高分辨率: 1920x1080, 平均帧率: 未知, 视频编解码器: 未知, 音频编解码器: 未知
分类: 📰新闻与财经, 名称: 第一财经, 有效: 1, IPv4: 2, IPv6: 0, 最小延迟: 7 ms, 最高速率: 6.76 MiB/s, 平均速率: 6.76 MiB/s, 最高分辨率: —, 平均帧率: 未知, 视频编解码器: 未知, 音频编解码器: aac
分类: 🏙️广东地方台, 名称: 广东珠江, 有效: 6, IPv4: 9, IPv6: 0, 最小延迟: 59 ms, 最高速率: 4.30 MiB/s, 平均速率: 3.26 MiB/s, 最高分辨率: 1920x1080, 平均帧率: 未知, 视频编解码器: 未知, 音频编解码器: 未知
分类: 🏙️广东地方台, 名称: 广东体育, 有效: 3, IPv4: 11, IPv6: 0, 最小延迟: 90 ms, 最高速率: 0.76 MiB/s, 平均速率: 0.34 MiB/s, 最高分辨率: 1920x1080, 平均帧率: 未知, 视频编解码器: 未知, 音频编解码器: 未知
分类: 🏙️广东地方台, 名称: 广东新闻, 有效: 1, IPv4: 1, IPv6: 0, 最小延迟: 86 ms, 最高速率: 2.62 MiB/s, 平均速率: 2.62 MiB/s, 最高分辨率: 1280x720, 平均帧率: 未知, 视频编解码器: 未知, 音频编解码器: 未知
分类: 🏙️广东地方台, 名称: 广东民生, 有效: 8, IPv4: 9, IPv6: 0, 最小延迟: 59 ms, 最高速率: 3.75 MiB/s, 平均速率: 2.22 MiB/s, 最高分辨率: 1920x1080, 平均帧率: 未知, 视频编解码器: 未知, 音频编解码器: 未知
分类: 🏙️广东地方台, 名称: 大湾区卫视, 有效: 7, IPv4: 11, IPv6: 0, 最小延迟: 58 ms, 最高速率: 3.54 MiB/s, 平均速率: 1.98 MiB/s, 最高分辨率: 1920x1080, 平均帧率: 未知, 视频编解码器: 未知, 音频编解码器: 未知
分类: 🏙️广东地方台, 名称: 广州综合, 有效: 7, IPv4: 11, IPv6: 0, 最小延迟: 21 ms, 最高速率: 0.52 MiB/s, 平均速率: 0.36 MiB/s, 最高分辨率: 1280x720, 平均帧率: 未知, 视频编解码器: 未知, 音频编解码器: 未知
分类: 🏙️广东地方台, 名称: 广州影视, 有效: 0, IPv4: 5, IPv6: 0, 最小延迟: 363 ms, 最高速率: 0.00 MiB/s, 平均速率: 0.00 MiB/s, 最高分辨率: —, 平均帧率: 未知, 视频编解码器: 未知, 音频编解码器: 未知
分类: 🏙️广东地方台, 名称: 广州竞赛, 有效: 0, IPv4: 2, IPv6: 0, 最小延迟: — ms, 最高速率: 0.00 MiB/s, 平均速率: 0.00 MiB/s, 最高分辨率: —, 平均帧率: 未知, 视频编解码器: 未知, 音频编解码器: 未知
分类: 🍿影院与专场, 名称: CHC家庭影院, 有效: 6, IPv4: 13, IPv6: 0, 最小延迟: 60 ms, 最高速率: 6.42 MiB/s, 平均速率: 3.09 MiB/s, 最高分辨率: 1920x1080, 平均帧率: 未知, 视频编解码器: 未知, 音频编解码器: 未知
分类: 🍿影院与专场, 名称: CHC动作电影, 有效: 7, IPv4: 12, IPv6: 0, 最小延迟: 60 ms, 最高速率: 2.58 MiB/s, 平均速率: 1.23 MiB/s, 最高分辨率: 1920x1080, 平均帧率: 未知, 视频编解码器: 未知, 音频编解码器: 未知
分类: 🍿影院与专场, 名称: CHC影迷电影, 有效: 1, IPv4: 2, IPv6: 0, 最小延迟: 60 ms, 最高速率: 4.67 MiB/s, 平均速率: 4.67 MiB/s, 最高分辨率: 1920x1080, 平均帧率: 未知, 视频编解码器: 未知, 音频编解码器: 未知
分类: 🍿影院与专场, 名称: 黑莓电影, 有效: 0, IPv4: 10, IPv6: 0, 最小延迟: — ms, 最高速率: 0.00 MiB/s, 平均速率: 0.00 MiB/s, 最高分辨率: —, 平均帧率: 未知, 视频编解码器: 未知, 音频编解码器: 未知
分类: 🎬影视轮播(NewTV), 名称: NewTV古装剧场, 有效: 0, IPv4: 2, IPv6: 0, 最小延迟: — ms, 最高速率: 0.00 MiB/s, 平均速率: 0.00 MiB/s, 最高分辨率: —, 平均帧率: 未知, 视频编解码器: 未知, 音频编解码器: 未知
分类: 🎬影视轮播(NewTV), 名称: NewTV超级电影, 有效: 0, IPv4: 1, IPv6: 0, 最小延迟: — ms, 最高速率: 0.00 MiB/s, 平均速率: 0.00 MiB/s, 最高分辨率: —, 平均帧率: 未知, 视频编解码器: 未知, 音频编解码器: 未知
分类: ⚽顶级体育赛事, 名称: 五星体育, 有效: 0, IPv4: 3, IPv6: 0, 最小延迟: — ms, 最高速率: 0.00 MiB/s, 平均速率: 0.00 MiB/s, 最高分辨率: —, 平均帧率: 未知, 视频编解码器: 未知, 音频编解码器: 未知
分类: ⚽顶级体育赛事, 名称: 劲爆体育, 有效: 0, IPv4: 2, IPv6: 0, 最小延迟: — ms, 最高速率: 0.00 MiB/s, 平均速率: 0.00 MiB/s, 最高分辨率: —, 平均帧率: 未知, 视频编解码器: 未知, 音频编解码器: 未知
分类: 👶🏻少儿与动漫, 名称: 金鹰卡通, 有效: 3, IPv4: 13, IPv6: 0, 最小延迟: 240 ms, 最高速率: 0.52 MiB/s, 平均速率: 0.24 MiB/s, 最高分辨率: 720x576, 平均帧率: 未知, 视频编解码器: 未知, 音频编解码器: 未知
分类: 👶🏻少儿与动漫, 名称: 嘉佳卡通, 有效: 0, IPv4: 1, IPv6: 0, 最小延迟: — ms, 最高速率: 0.00 MiB/s, 平均速率: 0.00 MiB/s, 最高分辨率: —, 平均帧率: 未知, 视频编解码器: 未知, 音频编解码器: 未知
分类: 👶🏻少儿与动漫, 名称: 优漫卡通, 有效: 7, IPv4: 7, IPv6: 0, 最小延迟: 87 ms, 最高速率: 5.32 MiB/s, 平均速率: 3.56 MiB/s, 最高分辨率: 720x576, 平均帧率: 未知, 视频编解码器: 未知, 音频编解码器: 未知
分类: 👶🏻少儿与动漫, 名称: 卡酷少儿, 有效: 8, IPv4: 14, IPv6: 0, 最小延迟: 95 ms, 最高速率: 0.84 MiB/s, 平均速率: 0.28 MiB/s, 最高分辨率: 1920x1080, 平均帧率: 未知, 视频编解码器: 未知, 音频编解码器: 未知
分类: 👶🏻少儿与动漫, 名称: 哈哈炫动, 有效: 3, IPv4: 7, IPv6: 0, 最小延迟: 90 ms, 最高速率: 3.51 MiB/s, 平均速率: 1.29 MiB/s, 最高分辨率: 1920x1080, 平均帧率: 未知, 视频编解码器: 未知, 音频编解码器: 未知
分类: 👶🏻少儿与动漫, 名称: 动漫秀场, 有效: 0, IPv4: 5, IPv6: 0, 最小延迟: — ms, 最高速率: 0.00 MiB/s, 平均速率: 0.00 MiB/s, 最高分辨率: 1920x1080, 平均帧率: 未知, 视频编解码器: 未知, 音频编解码器: 未知
分类: 📽️综艺与生活, 名称: NewTV金牌综艺, 有效: 0, IPv4: 1, IPv6: 0, 最小延迟: — ms, 最高速率: 0.00 MiB/s, 平均速率: 0.00 MiB/s, 最高分辨率: —, 平均帧率: 未知, 视频编解码器: 未知, 音频编解码器: 未知
分类: 📽️综艺与生活, 名称: NewTV超级综艺, 有效: 0, IPv4: 1, IPv6: 0, 最小延迟: — ms, 最高速率: 0.00 MiB/s, 平均速率: 0.00 MiB/s, 最高分辨率: —, 平均帧率: 未知, 视频编解码器: 未知, 音频编解码器: 未知
分类: 🐼纪录与地理, 名称: 老故事, 有效: 0, IPv4: 4, IPv6: 0, 最小延迟: — ms, 最高速率: 0.00 MiB/s, 平均速率: 0.00 MiB/s, 最高分辨率: —, 平均帧率: 未知, 视频编解码器: 未知, 音频编解码器: 未知
分类: 🐼纪录与地理, 名称: 金鹰纪实, 有效: 1, IPv4: 3, IPv6: 0, 最小延迟: 450 ms, 最高速率: 0.53 MiB/s, 平均速率: 0.53 MiB/s, 最高分辨率: 640x360, 平均帧率: 未知, 视频编解码器: 未知, 音频编解码器: 未知
分类: 🌐国际新闻, 名称: CGTN, 有效: 2, IPv4: 3, IPv6: 0, 最小延迟: 70 ms, 最高速率: 4.54 MiB/s, 平均速率: 3.97 MiB/s, 最高分辨率: 1920x1080, 平均帧率: 未知, 视频编解码器: 未知, 音频编解码器: 未知
分类: 🌐国际新闻, 名称: CGTN纪录, 有效: 1, IPv4: 2, IPv6: 0, 最小延迟: 355 ms, 最高速率: 3.05 MiB/s, 平均速率: 3.05 MiB/s, 最高分辨率: 1920x1080, 平均帧率: 未知, 视频编解码器: 未知, 音频编解码器: 未知
分类: 🌐国际新闻, 名称: CGTN法语, 有效: 1, IPv4: 2, IPv6: 0, 最小延迟: 96 ms, 最高速率: 4.70 MiB/s, 平均速率: 4.70 MiB/s, 最高分辨率: 1920x1080, 平均帧率: 未知, 视频编解码器: 未知, 音频编解码器: 未知
分类: 🌐国际新闻, 名称: CGTN俄语, 有效: 0, IPv4: 1, IPv6: 0, 最小延迟: — ms, 最高速率: 0.00 MiB/s, 平均速率: 0.00 MiB/s, 最高分辨率: —, 平均帧率: 未知, 视频编解码器: 未知, 音频编解码器: 未知
分类: 🌐国际新闻, 名称: CGTN阿语, 有效: 0, IPv4: 1, IPv6: 0, 最小延迟: — ms, 最高速率: 0.00 MiB/s, 平均速率: 0.00 MiB/s, 最高分辨率: —, 平均帧率: 未知, 视频编解码器: 未知, 音频编解码器: 未知
分类: 🌐国际新闻, 名称: CGTN西语, 有效: 0, IPv4: 1, IPv6: 0, 最小延迟: — ms, 最高速率: 0.00 MiB/s, 平均速率: 0.00 MiB/s, 最高分辨率: —, 平均帧率: 未知, 视频编解码器: 未知, 音频编解码器: 未知
分类: 🎮游戏电竞, 名称: 游戏风云, 有效: 0, IPv4: 1, IPv6: 0, 最小延迟: — ms, 最高速率: 0.00 MiB/s, 平均速率: 0.00 MiB/s, 最高分辨率: —, 平均帧率: 未知, 视频编解码器: 未知, 音频编解码器: 未知
分类: 🎮游戏电竞, 名称: NewTV哒啵电竞, 有效: 0, IPv4: 1, IPv6: 0, 最小延迟: — ms, 最高速率: 0.00 MiB/s, 平均速率: 0.00 MiB/s, 最高分辨率: —, 平均帧率: 未知, 视频编解码器: 未知, 音频编解码器: 未知
分类: ⛳生活与付费, 名称: 四海钓鱼, 有效: 0, IPv4: 2, IPv6: 0, 最小延迟: — ms, 最高速率: 0.00 MiB/s, 平均速率: 0.00 MiB/s, 最高分辨率: —, 平均帧率: 未知, 视频编解码器: 未知, 音频编解码器: 未知
分类: 🎼音乐与戏曲, 名称: 梨园频道, 有效: 1, IPv4: 1, IPv6: 0, 最小延迟: 369 ms, 最高速率: 1.21 MiB/s, 平均速率: 1.21 MiB/s, 最高分辨率: 1920x1080, 平均帧率: 未知, 视频编解码器: 未知, 音频编解码器: 未知
